----------------------------------------------------------------------------------------------------------------------------------------------------------------------------
      name:  <unnamed>
       log:  E:\alex\nsaids-covid-research\analysis\arthritis_log_sens6\05_an_descriptive_plots.log
  log type:  text
 opened on:  15 Jul 2020, 15:56:46

. 
. * Open Stata dataset
. use $tempdir\analysis_dataset_STSET_$outcome, clear

. 
. /* Sense check outcomes=======================================================*/ 
. tab exposure $outcome

                      |   Failure/censoring
                      |     indicator for
                      |  outcome: ONS covid
      NSAID Treatment |         death
             Exposure |         0          1 |     Total
----------------------+----------------------+----------
non-current NSAID use | 1,532,976      2,455 | 1,535,431 
    current NSAID use |   175,508        123 |   175,631 
----------------------+----------------------+----------
                Total | 1,708,484      2,578 | 1,711,062 

. 
. /* Generate KM PLOT===========================================================*/ 
. 
. noi display "RUNNING THE KM PLOT FOR `r(N)' "
RUNNING THE KM PLOT FOR 1711062 

. 
. sts graph, by(exposure) failure                                                                                 ///     
>                    title("Time to death, $population population", justification(left) size(medsmall) )             ///
>                    xtitle("Days since 1 Mar 2020", size(small))                                         ///
>                    yscale(range(0, 0.001))                                                                                      ///
>                    ylabel(0 (0.001) 0.005, angle(0) format(%4.3f) labsize(small))       ///
>                    xscale(range(30, 84))                                                                                        ///
>                    xlabel(0 (20) 110, labsize(small))                                                           ///                             
>                    legend(size(vsmall) label(1 "Non-current exposure to NSAIDs") label (2 "Current exposure to NSAIDs") region(lwidth(none)) order(2 1) position(12))   //
> /
>                    graphregion(fcolor(white)) ///       
>                    risktable(,size(vsmall) order (1 "Non-current exposure to NSAIDs" 2 "Current exposure to NSAIDs") title(,size(vsmall))) ///
>                    saving(kmplot1, replace) 

         failure _d:  onscoviddeath
   analysis time _t:  (stime_onscoviddeath-origin)
             origin:  time enter_date
  enter on or after:  time enter_date
                 id:  patient_id
(note: file kmplot1.gph not found)
(file kmplot1.gph saved)
(file kmplot1.gph saved)

. 
. graph export "$outdir/kmplot1.svg", as(svg) replace
(file arthritis_output_sens6/kmplot1.svg written in SVG format)

. 
. * Close window 
. graph close

. 
. * Delete unneeded graphs
. erase kmplot1.gph

. 
. * Close log file 
. log close
      name:  <unnamed>
       log:  E:\alex\nsaids-covid-research\analysis\arthritis_log_sens6\05_an_descriptive_plots.log
  log type:  text
 closed on:  15 Jul 2020, 15:57:27
----------------------------------------------------------------------------------------------------------------------------------------------------------------------------
