----------------------------------------------------------------------------------------------------------------------------------------------------------------------------
      name:  <unnamed>
       log:  E:\alex\nsaids-covid-research\analysis\nsaid_log\Ibuprofen_05_an_descriptive_plots.log
  log type:  text
 opened on:  15 Jul 2020, 02:32:56

. 
. * Open Stata dataset
. use $tempdir\analysis_dataset_STSET_$outcome, clear

. 
. /* Sense check outcomes=======================================================*/ 
. drop exposure

. rename ibuprofen exposure

. tab exposure $outcome

                      |   Failure/censoring
                      |     indicator for
                      |  outcome: ONS covid
   ibuprofen vs other |         death
               NSAIDs |         0          1 |     Total
----------------------+----------------------+----------
no current use of NSA | 1,923,484        611 | 1,924,095 
            ibuprofen |    50,557         46 |    50,603 
         other NSAIDs |   484,744        172 |   484,916 
----------------------+----------------------+----------
                Total | 2,458,785        829 | 2,459,614 

. 
. /* Generate KM PLOT===========================================================*/ 
. 
. noi display "RUNNING THE KM PLOT FOR `r(N)' "
RUNNING THE KM PLOT FOR 2459614 

. 
. sts graph, by(exposure) failure                                                                                 ///     
>                    title("Time to death, $population population", justification(left) size(medsmall) )             ///
>                    xtitle("Days since 1 Mar 2020", size(small))                                         ///
>                    yscale(range(0, 0.001))                                                                                      ///
>                    ylabel(0 (0.001) 0.005, angle(0) format(%4.3f) labsize(small))       ///
>                    xscale(range(30, 84))                                                                                        ///
>                    xlabel(0 (20) 110, labsize(small))                                                           ///                             
>                    legend(size(vsmall) label(1 "Non-current exposure to NSAIDs") label(2 "Ibuprofen") label(3 "Other NSAIDs")         ///
>                    region(lwidth(none)) position(12))   ///
>                    graphregion(fcolor(white)) ///       
>                    risktable(,size(vsmall) order (1 "Non-current exposure to NSAIDs" 2 "Ibuprofen" 3 "Other NSAIDs") title(,size(vsmall))) ///
>                    saving(kmplot4, replace) 

         failure _d:  onscoviddeath
   analysis time _t:  (stime_onscoviddeath-origin)
             origin:  time enter_date
  enter on or after:  time enter_date
                 id:  patient_id
(note: file kmplot4.gph not found)
(file kmplot4.gph saved)
(file kmplot4.gph saved)

. 
. graph export "$outdir/kmplot4.svg", as(svg) replace
(file nsaid_output/kmplot4.svg written in SVG format)

. 
. * Close window 
. graph close

. 
. * Delete unneeded graphs
. erase kmplot4.gph

. 
. * Close log file 
. log close
      name:  <unnamed>
       log:  E:\alex\nsaids-covid-research\analysis\nsaid_log\Ibuprofen_05_an_descriptive_plots.log
  log type:  text
 closed on:  15 Jul 2020, 02:33:54
----------------------------------------------------------------------------------------------------------------------------------------------------------------------------
