------------------------------------------------------------------------------------------------------------------------------------------------------------------------------------------------------------------------
      name:  <unnamed>
       log:  E:\analyses\nsaids-covid-research\analysis\nsaid_log_sens3\02a_cr_create_nsaid_population.log
  log type:  text
 opened on:   7 Oct 2020, 19:43:08

. 
. /* APPLY INCLUSION/EXCLUIONS==================================================*/ 
. 
. noi di "DROP MISSING GENDER:"
DROP MISSING GENDER:

. drop if inlist(sex,"I", "U")
(44 observations deleted)

. 
. noi di "DROP AGE <18:" 
DROP AGE <18:

. *DONE BY PYTHON
. 
. noi di "DROP AGE >110:"
DROP AGE >110:

. *DONE BY PYTHON
. 
. noi di "DROP AGE MISSING:"
DROP AGE MISSING:

. *DONE BY PYTHON
. 
. noi di "DROP IMD MISSING"
DROP IMD MISSING

. *DONE BY PYTHON
. 
. noi di "DROP IF DEAD BEFORE INDEX"
DROP IF DEAD BEFORE INDEX

. datacheck stime_onscoviddeath > date("$indexdate", "DMY"), nolist

 (59 contradictions)

. 
. drop if stime_onscoviddeath <= date("$indexdate", "DMY")
(59 observations deleted)

. 
. noi di "DROP PATIENTS WITH MI, STROKE, GASTROINTESTINAL BLEEDING"
DROP PATIENTS WITH MI, STROKE, GASTROINTESTINAL BLEEDING

. *DONE BY PYTHON
. 
. noi di "DROP PATIENTS WITH ASPIRIN PRESCRIBING"
DROP PATIENTS WITH ASPIRIN PRESCRIBING

. *DONE BY PYTHON
. 
. noi di "DROP PATIENTS WITH CURRENT ASTHMA"
DROP PATIENTS WITH CURRENT ASTHMA

. *DONE BY PYTHON
. 
. 
. /* CHECK INCLUSION AND EXCLUSION CRITERIA=====================================*/ 
. 
. * DATA STRUCTURE: Confirm one row per patient 
. duplicates tag patient_id, generate(dup_check)

Duplicates in terms of patient_id

. assert dup_check == 0 

. drop dup_check

. 
. * INCLUSION 1: NSAIDs prescribed 3 years before 1 March 2020 (everyone should have a date for this variable)
. datacheck nsaid_last_three_years_date != . , nol

. gen nsaid_time = ((enter_date - nsaid_last_three_years_date) - 15)/365.25

. 
. datacheck nsaid_time < 3, nol

. 
. * INCLUSION 2: >=18 and <=110 at 1 March 2020 
. assert age < .

. datacheck age >= 18, nolist

. datacheck age <= 110, nolist

.  
. * INCLUSION 3: M or F gender at 1 March 2020 
. assert inlist(sex, "M", "F")

. 
. * EXCLUSION 1: 12 months or baseline time 
. * [VARIABLE NOT EXPORTED, CANNOT QUANTIFY]
. 
. * EXCLUSION 2: MISSING IMD
. assert inlist(imd, 1, 2, 3, 4, 5)

. 
. * EXCLUSION 3-5: PATIENTS WITH MI, STROKE, GI BLEED
. *if successfully done by python - all value of this variable should be missing
. foreach var of varlist  mi ///
>                         stroke ///
>                                                 gi_bleed_ulcer ///
>                       { 
  2.                 capture confirm string variable `var'
  3.                 if _rc!=0 {
  4.                         noi di "`var': numeric variable datacheck"
  5.                         noi datacheck `var'==. , nolist
  6.                 }
  7.                 else {
  8.                     noi di "`var': string variable datacheck"
  9.                         noi datacheck missing(`var'), nolist
 10.                 }
 11.                                           }
mi: numeric variable datacheck
stroke: numeric variable datacheck
gi_bleed_ulcer: numeric variable datacheck

. 
. * EXCLUSION 6: PATIENTS WHO WERE PRESCRIBED ASPIRIN WITHIN 10 YEARS BEFORE COHORT ENTRY
. datacheck aspirin_ever_date < d(15feb2010) if aspirin_ever_date!=. , nolist

. 
. * EXCLUSION 7: PATIENTS WITH CURRENT ASTHMA
. //just a rough check - because no exact date is given for asthma dx and tx
. datacheck asthma_date < d(15feb2017) if ///
> asthma_date!=. & saba_single!=. & saba_single > d(15dec2019), nolist

 (35 contradictions)

. 
. datacheck saba_single < d(15nov2019) if ///
> asthma_date!=. & saba_single!=. & asthma_date > d(15feb2017) , nolist

. 
. /* SAVE DATA==================================================================*/        
. 
. save $tempdir\analysis_dataset, replace
(note: file nsaid_tempdata_sens3\analysis_dataset.dta not found)
file nsaid_tempdata_sens3\analysis_dataset.dta saved

. 
. * Save a version set on outcomes
. stset stime_$outcome, fail($outcome) id(patient_id) enter(enter_date) origin(enter_date)        

                id:  patient_id
     failure event:  onscoviddeath != 0 & onscoviddeath < .
obs. time interval:  (stime_onscoviddeath[_n-1], stime_onscoviddeath]
 enter on or after:  time enter_date
 exit on or before:  failure
    t for analysis:  (time-origin)
            origin:  time enter_date

------------------------------------------------------------------------------
  2,463,707  total observations
          0  exclusions
------------------------------------------------------------------------------
  2,463,707  observations remaining, representing
  2,463,707  subjects
        832  failures in single-failure-per-subject data
  252942782  total analysis time at risk and under observation
                                                at risk from t =         0
                                     earliest observed entry t =         0
                                          last observed exit t =       105

. save $tempdir\analysis_dataset_STSET_$outcome, replace
(note: file nsaid_tempdata_sens3\analysis_dataset_STSET_onscoviddeath.dta not found)
file nsaid_tempdata_sens3\analysis_dataset_STSET_onscoviddeath.dta saved

. 
. * Close log file 
. log close
      name:  <unnamed>
       log:  E:\analyses\nsaids-covid-research\analysis\nsaid_log_sens3\02a_cr_create_nsaid_population.log
  log type:  text
 closed on:   7 Oct 2020, 19:43:50
------------------------------------------------------------------------------------------------------------------------------------------------------------------------------------------------------------------------
