------------------------------------------------------------------------------------------------------------------------------------------------------------------------------------------------------------------------
      name:  <unnamed>
       log:  E:\analyses\nsaids-covid-research\analysis\arthritis_log_sens4\06b_an_models_arthritis.log
  log type:  text
 opened on:   8 Oct 2020, 05:43:08

. 
. * Open Stata dataset
. use $tempdir\analysis_dataset_STSET_$outcome, clear

. 
. /* Sense check outcomes=======================================================*/ 
. 
. tab exposure $outcome, missing row

+----------------+
| Key            |
|----------------|
|   frequency    |
| row percentage |
+----------------+

                      |   Failure/censoring
                      |     indicator for
                      |  outcome: ONS covid
      NSAID Treatment |         death
             Exposure |         0          1 |     Total
----------------------+----------------------+----------
non-current NSAID use | 1,530,836      2,450 | 1,533,286 
                      |     99.84       0.16 |    100.00 
----------------------+----------------------+----------
    current NSAID use |   173,816        122 |   173,938 
                      |     99.93       0.07 |    100.00 
----------------------+----------------------+----------
                Total | 1,704,652      2,572 | 1,707,224 
                      |     99.85       0.15 |    100.00 

. 
. /* Main Model=================================================================*/
. 
. /* Univariable model */ 
. 
. stcox i.exposure 

         failure _d:  onscoviddeath
   analysis time _t:  (stime_onscoviddeath-origin)
             origin:  time enter_date
  enter on or after:  time enter_date
                 id:  patient_id

Iteration 0:   log likelihood = -36867.536
Iteration 1:   log likelihood = -36817.824
Iteration 2:   log likelihood = -36814.382
Iteration 3:   log likelihood =  -36814.35
Iteration 4:   log likelihood =  -36814.35
Refining estimates:
Iteration 0:   log likelihood =  -36814.35

Cox regression -- Breslow method for ties

No. of subjects =    1,707,224                  Number of obs    =   1,707,224
No. of failures =        2,572
Time at risk    =    176417354
                                                LR chi2(1)       =      106.37
Log likelihood  =    -36814.35                  Prob > chi2      =      0.0000

------------------------------------------------------------------------------------
                _t | Haz. Ratio   Std. Err.      z    P>|z|     [95% Conf. Interval]
-------------------+----------------------------------------------------------------
          exposure |
current NSAID use  |   .4320593   .0400789    -9.05   0.000     .3602332    .5182067
------------------------------------------------------------------------------------

. estimates save ./$tempdir/univar, replace 
(note: file ./arthritis_tempdata_sens4/univar.ster not found)
file ./arthritis_tempdata_sens4/univar.ster saved

. 
. /* Multivariable models */ 
. 
. * Age and Gender 
. * Age fit as spline in first instance, categorical below 
. 
. stcox i.exposure i.male age1 age2 age3 

         failure _d:  onscoviddeath
   analysis time _t:  (stime_onscoviddeath-origin)
             origin:  time enter_date
  enter on or after:  time enter_date
                 id:  patient_id

Iteration 0:   log likelihood = -36867.536
Iteration 1:   log likelihood =  -35055.02
Iteration 2:   log likelihood = -34565.992
Iteration 3:   log likelihood = -34561.461
Iteration 4:   log likelihood = -34561.173
Iteration 5:   log likelihood = -34561.171
Iteration 6:   log likelihood = -34561.171
Refining estimates:
Iteration 0:   log likelihood = -34561.171

Cox regression -- Breslow method for ties

No. of subjects =    1,707,224                  Number of obs    =   1,707,224
No. of failures =        2,572
Time at risk    =    176417354
                                                LR chi2(5)       =     4612.73
Log likelihood  =   -34561.171                  Prob > chi2      =      0.0000

------------------------------------------------------------------------------------
                _t | Haz. Ratio   Std. Err.      z    P>|z|     [95% Conf. Interval]
-------------------+----------------------------------------------------------------
          exposure |
current NSAID use  |   .8346884   .0781482    -1.93   0.054     .6947526     1.00281
            1.male |   1.658503   .0668126    12.56   0.000     1.532589    1.794762
              age1 |   1.079514   .0206869     3.99   0.000      1.03972     1.12083
              age2 |   1.037295   .0383935     0.99   0.323     .9647101    1.115342
              age3 |   .9770369   .1187248    -0.19   0.848     .7699758    1.239781
------------------------------------------------------------------------------------

. estimates save ./$tempdir/multivar1, replace 
(note: file ./arthritis_tempdata_sens4/multivar1.ster not found)
file ./arthritis_tempdata_sens4/multivar1.ster saved

. 
. * Age, Gender and Comorbidities (note: diabetes variable is diabcat)
. stcox i.exposure i.male age1 age2 age3  i.obese4cat                                     ///
>                                                                                 i.smoke_nomiss                          ///
>                                                                                 i.imd                                           ///
>                                                                                 i.ckd                                           ///             
>                                                                                 i.hypertension                          ///             
>                                                                                 i.heart_failure                         ///             
>                                                                                 i.other_heart_disease           ///             
>                                                                                 i.diabcat                                       ///     
>                                                                                 i.copd                      ///
>                                                                                 i.other_respiratory         ///
>                                                                                 i.immunodef_any                         ///
>                                                                                 i.cancer                                ///     
>                                                                             i.arthritis_type                    ///     
>                                                                                 i.statin                                        ///     
>                                                                                 i.ppi                       ///
>                                                                                 i.steroid_prednisolone      ///
>                                                                                 i.hydroxychloroquine        ///
>                                                                                 i.dmards_primary_care       ///
>                                                                                 i.flu_vaccine                           ///     
>                                                                                 i.pneumococcal_vaccine, strata(stp)                             

         failure _d:  onscoviddeath
   analysis time _t:  (stime_onscoviddeath-origin)
             origin:  time enter_date
  enter on or after:  time enter_date
                 id:  patient_id

Iteration 0:   log likelihood = -28587.039
Iteration 1:   log likelihood = -26417.443
Iteration 2:   log likelihood =  -25816.49
Iteration 3:   log likelihood = -25807.886
Iteration 4:   log likelihood = -25807.699
Iteration 5:   log likelihood = -25807.698
Iteration 6:   log likelihood = -25807.698
Refining estimates:
Iteration 0:   log likelihood = -25807.698

Stratified Cox regr. -- Breslow method for ties

No. of subjects =    1,707,224                  Number of obs    =   1,707,224
No. of failures =        2,572
Time at risk    =    176417354
                                                LR chi2(34)      =     5558.68
Log likelihood  =   -25807.698                  Prob > chi2      =      0.0000

---------------------------------------------------------------------------------------------
                         _t | Haz. Ratio   Std. Err.      z    P>|z|     [95% Conf. Interval]
----------------------------+----------------------------------------------------------------
                   exposure |
         current NSAID use  |   .7811805    .075473    -2.56   0.011     .6464179    .9440379
                     1.male |   1.648047   .0683821    12.04   0.000     1.519326    1.787674
                       age1 |   1.087236   .0212458     4.28   0.000     1.046382    1.129685
                       age2 |   1.027119   .0387626     0.71   0.478     .9538873    1.105973
                       age3 |   .9888158   .1225959    -0.09   0.928      .775499     1.26081
                            |
                  obese4cat |
         Obese I (30-34.9)  |    .982792   .0554466    -0.31   0.758     .8799116    1.097701
        Obese II (35-39.9)  |   1.354206   .1086245     3.78   0.000     1.157198    1.584755
           Obese III (40+)  |   1.995163   .2077153     6.63   0.000     1.626898    2.446789
                            |
               smoke_nomiss |
                    Former  |   1.177686   .0509183     3.78   0.000        1.082    1.281835
                   Current  |    1.06496   .1014706     0.66   0.509      .883547    1.283621
                            |
                        imd |
                         2  |   1.222525   .0826116     2.97   0.003     1.070873    1.395652
                         3  |   1.296091   .0877657     3.83   0.000        1.135    1.480046
                         4  |   1.532079   .1020721     6.40   0.000     1.344533    1.745786
           5 most deprived  |   1.896249   .1256973     9.65   0.000     1.665219    2.159331
                            |
                        ckd |
                       CKD  |   1.218037   .0559586     4.29   0.000     1.113153    1.332803
             1.hypertension |   1.057807   .0464521     1.28   0.201     .9705707    1.152884
            1.heart_failure |   1.453458   .0981011     5.54   0.000     1.273358     1.65903
      1.other_heart_disease |   1.112992   .0805091     1.48   0.139     .9658722     1.28252
                            |
                    diabcat |
       Controlled diabetes  |   1.375918   .0725962     6.05   0.000     1.240742    1.525821
     Uncontrolled diabetes  |   2.244302   .1714756    10.58   0.000      1.93217    2.606858
Diabetes, no hba1c measure  |   .8378483   .3431418    -0.43   0.666     .3754522    1.869718
                            |
                     1.copd |   1.180741   .0790259     2.48   0.013     1.035582    1.346247
        1.other_respiratory |   1.867896   .1359392     8.59   0.000      1.61959    2.154271
            1.immunodef_any |   1.535994   .3381959     1.95   0.051     .9976343    2.364871
                   1.cancer |   1.287454   .0622518     5.23   0.000     1.171046    1.415434
                            |
             arthritis_type |
            Osteoarthritis  |   .6235645   .0753048    -3.91   0.000     .4921369    .7900904
              Both RA & OA  |   .8421105   .1185813    -1.22   0.222       .63901    1.109764
                            |
                   1.statin |   .6495521   .0311047    -9.01   0.000     .5913615    .7134687
                      1.ppi |   1.252038   .0536278     5.25   0.000      1.15122    1.361684
     1.steroid_prednisolone |   1.537401    .106554     6.21   0.000     1.342122    1.761092
       1.hydroxychloroquine |   1.203403   .2222277     1.00   0.316     .8379596    1.728221
      1.dmards_primary_care |    1.14415   .1398374     1.10   0.271     .9004296    1.453839
              1.flu_vaccine |   .9766053   .0476943    -0.48   0.628     .8874606    1.074704
     1.pneumococcal_vaccine |   1.040817   .0730549     0.57   0.569     .9070445    1.194319
---------------------------------------------------------------------------------------------
                                                             Stratified by stp

.                                                                                 
. estimates save ./$tempdir/multivar2, replace 
(note: file ./arthritis_tempdata_sens4/multivar2.ster not found)
file ./arthritis_tempdata_sens4/multivar2.ster saved

. 
. * Age, Gender and Comorbidities (note: changed diabetes category: grouped no HbA1c to uncontrolled DM after first run because diab causing the model not to converge)
. stcox i.exposure i.male age1 age2 age3  $varlist, strata(stp)

         failure _d:  onscoviddeath
   analysis time _t:  (stime_onscoviddeath-origin)
             origin:  time enter_date
  enter on or after:  time enter_date
                 id:  patient_id

Iteration 0:   log likelihood = -28587.039
Iteration 1:   log likelihood = -26422.451
Iteration 2:   log likelihood = -25820.422
Iteration 3:   log likelihood =  -25811.78
Iteration 4:   log likelihood = -25811.593
Iteration 5:   log likelihood = -25811.592
Iteration 6:   log likelihood = -25811.592
Refining estimates:
Iteration 0:   log likelihood = -25811.592

Stratified Cox regr. -- Breslow method for ties

No. of subjects =    1,707,224                  Number of obs    =   1,707,224
No. of failures =        2,572
Time at risk    =    176417354
                                                LR chi2(33)      =     5550.89
Log likelihood  =   -25811.592                  Prob > chi2      =      0.0000

----------------------------------------------------------------------------------------
                    _t | Haz. Ratio   Std. Err.      z    P>|z|     [95% Conf. Interval]
-----------------------+----------------------------------------------------------------
              exposure |
    current NSAID use  |   .7802907   .0753888    -2.57   0.010     .6456787    .9429668
                1.male |   1.649779   .0684472    12.07   0.000     1.520935    1.789539
                  age1 |   1.087183    .021237     4.28   0.000     1.046346    1.129613
                  age2 |   1.027126   .0387523     0.71   0.478     .9539128    1.105958
                  age3 |   .9885735    .122539    -0.09   0.926     .7753502    1.260434
                       |
             obese4cat |
    Obese I (30-34.9)  |   .9850683   .0555598    -0.27   0.790     .8819763     1.10021
   Obese II (35-39.9)  |   1.359701   .1090292     3.83   0.000     1.161953    1.591102
      Obese III (40+)  |   2.006596   .2088322     6.69   0.000     1.636338    2.460634
                       |
          smoke_nomiss |
               Former  |   1.179109    .050974     3.81   0.000     1.083317    1.283371
              Current  |   1.065555   .1015251     0.67   0.505      .884045    1.284333
                       |
                   imd |
                    2  |   1.223853    .082701     2.99   0.003     1.072037    1.397168
                    3  |    1.29678   .0878121     3.84   0.000     1.135604    1.480832
                    4  |    1.53411   .1022096     6.42   0.000     1.346311    1.748105
      5 most deprived  |   1.897894   .1258076     9.67   0.000     1.666662    2.161207
                       |
                   ckd |
                  CKD  |   1.221934   .0561039     4.37   0.000     1.116774    1.336995
        1.hypertension |   1.058317   .0464745     1.29   0.197     .9710384     1.15344
       1.heart_failure |    1.45532   .0982132     5.56   0.000     1.275013    1.661125
 1.other_heart_disease |   1.112943   .0805065     1.48   0.139     .9658282    1.282466
                       |
          diab_control |
  Controlled diabetes  |   1.372493   .0724036     6.00   0.000     1.237674    1.521997
Uncontrolled diabetes  |   2.136604   .1605723    10.10   0.000     1.843969     2.47568
                       |
                1.copd |   1.180833   .0790275     2.48   0.013      1.03567    1.346341
   1.other_respiratory |   1.866204   .1358074     8.57   0.000     1.618137      2.1523
       1.immunodef_any |   1.537613   .3385438     1.95   0.051      .998697    2.367338
              1.cancer |   1.287483   .0622528     5.23   0.000     1.171073    1.415465
                       |
        arthritis_type |
       Osteoarthritis  |    .623826   .0753345    -3.91   0.000     .4923463    .7904169
         Both RA & OA  |   .8412409   .1184591    -1.23   0.220     .6383497    1.108618
                       |
              1.statin |   .6522066   .0312017    -8.93   0.000     .5938319    .7163197
                 1.ppi |   1.253048   .0536714     5.27   0.000     1.152148    1.362784
1.steroid_prednisolone |   1.538849   .1066601     6.22   0.000     1.343377    1.762764
  1.hydroxychloroquine |   1.202646   .2220819     1.00   0.318     .8374409    1.727117
 1.dmards_primary_care |   1.143566   .1397751     1.10   0.272     .8999558     1.45312
         1.flu_vaccine |   .9779307   .0477645    -0.46   0.648     .8886553    1.076175
1.pneumococcal_vaccine |   1.040025   .0730032     0.56   0.576     .9063473    1.193418
----------------------------------------------------------------------------------------
                                                             Stratified by stp

. 
. estimates save ./$tempdir/multivar3, replace 
(note: file ./arthritis_tempdata_sens4/multivar3.ster not found)
file ./arthritis_tempdata_sens4/multivar3.ster saved

. 
. /* Print table================================================================*/ 
. *  Print the results for the main model 
. 
. cap file close tablecontent

. file open tablecontent using ./$outdir/table2.txt, write text replace
(note: file ./arthritis_output_sens4/table2.txt not found)

. 
. * Column headings 
. file write tablecontent ("Table 2: Association between current NSAID use and $tableoutcome - $population Population") _n

. file write tablecontent _tab ("Number of events") _tab ("Total person-weeks") _tab ("Rate per 1,000") _tab ("Univariable") _tab _tab ("Age/Sex Adjusted") _tab _tab ///
>                                                 ("Age/Sex and Comorbidity Adjusted") _tab _tab ///
>                                                 ("Age/Sex and Comorbidity (diabetes regroup)") _tab _tab _n

. file write tablecontent _tab _tab _tab _tab ("HR") _tab ("95% CI") _tab ("HR") _tab ///
>                                                 ("95% CI") _tab ("HR") _tab ("95% CI") _tab ("HR") _tab ("95% CI") _n

. file write tablecontent ("Main Analysis") _n                                    

. 
. * Row headings 
. local lab0: label exposure 0

. local lab1: label exposure 1

.  
. /* Counts */
.  
. * First row, exposure = 0 (reference)
. 
.         safecount if exposure == 0 & $outcome == 1
  2,450

.         local event = r(N)

.     bysort exposure: egen total_follow_up = total(_t)

.         su total_follow_up if exposure == 0

    Variable |        Obs        Mean    Std. Dev.       Min        Max
-------------+---------------------------------------------------------
total_foll~p |  1,533,286    1.58e+08           0   1.58e+08   1.58e+08

.         local person_week = r(mean)/7

.         local rate = 1000*(`event'/`person_week')

.         
.         file write tablecontent ("`lab0'") _tab

.         file write tablecontent (`event') _tab %10.0f (`person_week') _tab %3.2f (`rate') _tab

.         file write tablecontent ("1.00 (ref)") _tab _tab ("1.00 (ref)") _tab _tab ("1.00 (ref)") _n

.         
. * Second row, exposure = 1 (NSAID)
. 
. file write tablecontent ("`lab1'") _tab  

. 
.         safecount if exposure == 1 & $outcome == 1
  122

.         local event = r(N)

.         su total_follow_up if exposure == 1

    Variable |        Obs        Mean    Std. Dev.       Min        Max
-------------+---------------------------------------------------------
total_foll~p |    173,938    1.82e+07           0   1.82e+07   1.82e+07

.         local person_week = r(mean)/7

.         local rate = 1000*(`event'/`person_week')

.         file write tablecontent (`event') _tab %10.0f (`person_week') _tab %3.2f (`rate') _tab

. 
. /* Main Model */ 
. estimates use ./$tempdir/univar 

. lincom 1.exposure, eform

 ( 1)  1.exposure = 0

------------------------------------------------------------------------------
          _t |     exp(b)   Std. Err.      z    P>|z|     [95% Conf. Interval]
-------------+----------------------------------------------------------------
         (1) |   .4320593   .0400789    -9.05   0.000     .3602332    .5182067
------------------------------------------------------------------------------

. file write tablecontent %4.2f (r(estimate)) _tab %4.2f (r(lb)) (" - ") %4.2f (r(ub)) _tab 

. 
. estimates use ./$tempdir/multivar1 

. lincom 1.exposure, eform

 ( 1)  1.exposure = 0

------------------------------------------------------------------------------
          _t |     exp(b)   Std. Err.      z    P>|z|     [95% Conf. Interval]
-------------+----------------------------------------------------------------
         (1) |   .8346884   .0781482    -1.93   0.054     .6947526     1.00281
------------------------------------------------------------------------------

. file write tablecontent %4.2f (r(estimate)) _tab %4.2f (r(lb)) (" - ") %4.2f (r(ub)) _tab 

. 
. estimates use ./$tempdir/multivar2  

. lincom 1.exposure, eform

 ( 1)  1.exposure = 0

------------------------------------------------------------------------------
          _t |     exp(b)   Std. Err.      z    P>|z|     [95% Conf. Interval]
-------------+----------------------------------------------------------------
         (1) |   .7811805    .075473    -2.56   0.011     .6464179    .9440379
------------------------------------------------------------------------------

. file write tablecontent %4.2f (r(estimate)) _tab %4.2f (r(lb)) (" - ") %4.2f (r(ub)) _tab 

. 
. estimates use ./$tempdir/multivar3

. lincom 1.exposure, eform

 ( 1)  1.exposure = 0

------------------------------------------------------------------------------
          _t |     exp(b)   Std. Err.      z    P>|z|     [95% Conf. Interval]
-------------+----------------------------------------------------------------
         (1) |   .7802907   .0753888    -2.57   0.010     .6456787    .9429668
------------------------------------------------------------------------------

. file write tablecontent %4.2f (r(estimate)) _tab %4.2f (r(lb)) (" - ") %4.2f (r(ub)) _n 

. 
. file write tablecontent _n

. file close tablecontent

. 
. 
. * Close log file 
. log close
      name:  <unnamed>
       log:  E:\analyses\nsaids-covid-research\analysis\arthritis_log_sens4\06b_an_models_arthritis.log
  log type:  text
 closed on:   8 Oct 2020, 05:51:16
------------------------------------------------------------------------------------------------------------------------------------------------------------------------------------------------------------------------
