------------------------------------------------------------------------------------------------------------------------------------------------------------------------------------------------------------------------
      name:  <unnamed>
       log:  E:\analyses\nsaids-covid-research\analysis\nsaid_log\05_an_descriptive_plots.log
  log type:  text
 opened on:   7 Oct 2020, 11:29:08

. 
. * Open Stata dataset
. use $tempdir\analysis_dataset_STSET_$outcome, clear

. 
. /* Sense check outcomes=======================================================*/ 
. tab exposure $outcome

                      |   Failure/censoring
                      |     indicator for
                      |  outcome: ONS covid
      NSAID Treatment |         death
             Exposure |         0          1 |     Total
----------------------+----------------------+----------
non-current NSAID use | 1,926,672        612 | 1,927,284 
    current NSAID use |   536,203        220 |   536,423 
----------------------+----------------------+----------
                Total | 2,462,875        832 | 2,463,707 

. 
. /* Generate KM PLOT===========================================================*/ 
. 
. noi display "RUNNING THE KM PLOT FOR `r(N)' "
RUNNING THE KM PLOT FOR 2463707 

. 
. sts graph, by(exposure) failure                                                                                 ///     
>                    title("Time to death, $population population", justification(left) size(medsmall) )             ///
>                    xtitle("Days since 1 Mar 2020", size(small))                                         ///
>                    yscale(range(0, 0.001))                                                                                      ///
>                    ylabel(0 (0.0005) $km_ymax, angle(0) format(%5.4f) labsize(small))   ///
>                    xscale(range(30, 84))                                                                                        ///
>                    xlabel(0 (20) 110, labsize(small))                                                           ///                             
>                    legend(size(vsmall) label(1 "Non-current exposure to NSAIDs") label (2 "Current exposure to NSAIDs") region(lwidth(none)) order(2 1) position(12))   ///
>                    graphregion(fcolor(white)) ///       
>                    risktable(,size(vsmall) order (1 "Non-current exposure to NSAIDs" 2 "Current exposure to NSAIDs") title(,size(vsmall))) ///
>                    saving(kmplot1, replace) 

         failure _d:  onscoviddeath
   analysis time _t:  (stime_onscoviddeath-origin)
             origin:  time enter_date
  enter on or after:  time enter_date
                 id:  patient_id
(note: file kmplot1.gph not found)
(file kmplot1.gph saved)
(file kmplot1.gph saved)

. 
. graph export "$outdir/kmplot1.svg", as(svg) replace
(note: file nsaid_output/kmplot1.svg not found)
(file nsaid_output/kmplot1.svg written in SVG format)

. 
. * Close window 
. graph close

. 
. * Delete unneeded graphs
. erase kmplot1.gph

. 
. * Close log file 
. log close
      name:  <unnamed>
       log:  E:\analyses\nsaids-covid-research\analysis\nsaid_log\05_an_descriptive_plots.log
  log type:  text
 closed on:   7 Oct 2020, 11:30:21
------------------------------------------------------------------------------------------------------------------------------------------------------------------------------------------------------------------------
