------------------------------------------------------------------------------------------------------------------------------------------------------------------------------------------------------------------------
      name:  <unnamed>
       log:  E:\analyses\nsaids-covid-research\analysis\arthritis_log_DAG\posthoc_01_an_models_DAG.log
  log type:  text
 opened on:   8 Oct 2020, 05:02:31

. 
. * Open Stata dataset
. use $tempdir\analysis_dataset_STSET_$outcome, clear

. 
. /* Full cohort============================================================*/ 
. 
. safetab exposure $outcome, missing row
23

+----------------+
| Key            |
|----------------|
|   frequency    |
| row percentage |
+----------------+

                      |   Failure/censoring
                      |     indicator for
                      |  outcome: ONS covid
      NSAID Treatment |         death
             Exposure |         0          1 |     Total
----------------------+----------------------+----------
non-current NSAID use | 1,530,836      2,450 | 1,533,286 
                      |     99.84       0.16 |    100.00 
----------------------+----------------------+----------
    current NSAID use |   175,372        123 |   175,495 
                      |     99.93       0.07 |    100.00 
----------------------+----------------------+----------
                Total | 1,706,208      2,573 | 1,708,781 
                      |     99.85       0.15 |    100.00 

. 
. * DAG approach in full cohort 
. 
. stcox i.exposure i.male age1 age2 age3 $varlist, strata(stp)    

         failure _d:  onscoviddeath
   analysis time _t:  (stime_onscoviddeath-origin)
             origin:  time enter_date
  enter on or after:  time enter_date
                 id:  patient_id

Iteration 0:   log likelihood = -28600.388
Iteration 1:   log likelihood = -26267.313
Iteration 2:   log likelihood = -25667.817
Iteration 3:   log likelihood = -25658.762
Iteration 4:   log likelihood = -25658.543
Iteration 5:   log likelihood = -25658.543
Iteration 6:   log likelihood = -25658.543
Refining estimates:
Iteration 0:   log likelihood = -25658.543

Stratified Cox regr. -- Breslow method for ties

No. of subjects =    1,708,781                  Number of obs    =   1,708,781
No. of failures =        2,573
Time at risk    =    176580629
                                                LR chi2(30)      =     5883.69
Log likelihood  =   -25658.543                  Prob > chi2      =      0.0000

----------------------------------------------------------------------------------------------
                          _t | Haz. Ratio   Std. Err.      z    P>|z|     [95% Conf. Interval]
-----------------------------+----------------------------------------------------------------
                    exposure |
          current NSAID use  |    .857048   .0804869    -1.64   0.100     .7129635    1.030251
                      1.male |   1.625663   .0672825    11.74   0.000     1.498998     1.76303
                        age1 |   1.092118   .0213645     4.50   0.000     1.051037    1.134805
                        age2 |   1.009374    .037986     0.25   0.804     .9376024     1.08664
                        age3 |   1.051416   .1296558     0.41   0.684     .8256737    1.338878
                             |
                   obese4cat |
          Obese I (30-34.9)  |   .9857677   .0555748    -0.25   0.799     .8826452    1.100938
         Obese II (35-39.9)  |   1.354104   .1085736     3.78   0.000     1.157182    1.584536
            Obese III (40+)  |   1.977146   .2057257     6.55   0.000     1.612388     2.42442
                             |
                smoke_nomiss |
                     Former  |   1.162016   .0502303     3.47   0.001     1.067621    1.264756
                    Current  |   1.031315   .0982358     0.32   0.746     .8556808    1.242999
                             |
                         imd |
                          2  |   1.212492   .0818792     2.85   0.004     1.062179    1.384077
                          3  |   1.276981   .0864324     3.61   0.000     1.118332    1.458135
                          4  |   1.495162   .0995531     6.04   0.000     1.312237    1.703587
            5 most deprived  |   1.800987   .1192004     8.89   0.000     1.581878    2.050446
                             |
                         ckd |
                        CKD  |   1.188139   .0543421     3.77   0.000     1.086265    1.299568
              1.hypertension |   .9958789    .043064    -0.10   0.924     .9149528    1.083963
             1.heart_failure |    1.33021   .0897969     4.23   0.000     1.165357    1.518383
       1.other_heart_disease |   1.032718   .0743971     0.45   0.655      .896729     1.18933
                             |
                diab_control |
        Controlled diabetes  |   1.250086   .0649586     4.30   0.000     1.129039    1.384112
      Uncontrolled diabetes  |   1.849778   .1371518     8.30   0.000     1.599585    2.139104
                             |
                      1.copd |   1.137691   .0761707     1.93   0.054     .9977797    1.297221
         1.other_respiratory |   1.817884   .1320172     8.23   0.000     1.576706    2.095953
             1.immunodef_any |    1.48887   .3269738     1.81   0.070     .9681058    2.289765
                    1.cancer |   1.256119   .0606855     4.72   0.000     1.142636    1.380874
                             |
              arthritis_type |
             Osteoarthritis  |   .6196495    .074585    -3.98   0.000     .4894293    .7845168
               Both RA & OA  |   .8099726   .1137022    -1.50   0.133     .6151493    1.066498
                             |
      1.steroid_prednisolone |   1.484009   .1022745     5.73   0.000     1.296504    1.698633
        1.hydroxychloroquine |   1.270074   .2316802     1.31   0.190     .8882953    1.815937
1.aande_attendance_last_year |   2.415296   .0995985    21.38   0.000     2.227767    2.618611
       1.dmards_primary_care |   1.170399   .1427026     1.29   0.197     .9216156    1.486339
----------------------------------------------------------------------------------------------
                                                             Stratified by stp

. 
. estimates save ./$tempdir/multivar1_full, replace 
(note: file ./arthritis_tempdata/multivar1_full.ster not found)
file ./arthritis_tempdata/multivar1_full.ster saved

. 
. /* Restrict population  (Complete case cohort)===========================*/ 
. 
. preserve 

. drop if ethnicity == .u
(389,869 observations deleted)

. 
. /* Sense check outcomes=======================================================*/ 
. 
. safetab exposure $outcome, missing row
23

+----------------+
| Key            |
|----------------|
|   frequency    |
| row percentage |
+----------------+

                      |   Failure/censoring
                      |     indicator for
                      |  outcome: ONS covid
      NSAID Treatment |         death
             Exposure |         0          1 |     Total
----------------------+----------------------+----------
non-current NSAID use | 1,180,876      1,817 | 1,182,693 
                      |     99.85       0.15 |    100.00 
----------------------+----------------------+----------
    current NSAID use |   136,133         86 |   136,219 
                      |     99.94       0.06 |    100.00 
----------------------+----------------------+----------
                Total | 1,317,009      1,903 | 1,318,912 
                      |     99.86       0.14 |    100.00 

. 
. /* Main Model=================================================================*/
. 
. * DAG approach in complete case cohort WITHOUT ethnicity
. 
. stcox i.exposure i.male age1 age2 age3 $varlist, strata(stp)    

         failure _d:  onscoviddeath
   analysis time _t:  (stime_onscoviddeath-origin)
             origin:  time enter_date
  enter on or after:  time enter_date
                 id:  patient_id

Iteration 0:   log likelihood = -20713.796
Iteration 1:   log likelihood = -19080.997
Iteration 2:   log likelihood = -18470.081
Iteration 3:   log likelihood = -18459.813
Iteration 4:   log likelihood = -18459.717
Iteration 5:   log likelihood = -18459.717
Refining estimates:
Iteration 0:   log likelihood = -18459.717

Stratified Cox regr. -- Breslow method for ties

No. of subjects =    1,318,912                  Number of obs    =   1,318,912
No. of failures =        1,903
Time at risk    =    136293809
                                                LR chi2(30)      =     4508.16
Log likelihood  =   -18459.717                  Prob > chi2      =      0.0000

----------------------------------------------------------------------------------------------
                          _t | Haz. Ratio   Std. Err.      z    P>|z|     [95% Conf. Interval]
-----------------------------+----------------------------------------------------------------
                    exposure |
          current NSAID use  |   .7951503   .0891339    -2.04   0.041     .6383106     .990527
                      1.male |   1.556533   .0750501     9.18   0.000     1.416174    1.710803
                        age1 |   1.104363    .025154     4.36   0.000     1.056146    1.154781
                        age2 |   .9818508   .0427662    -0.42   0.674     .9015088    1.069353
                        age3 |   1.161485   .1653192     1.05   0.293     .8787357    1.535213
                             |
                   obese4cat |
          Obese I (30-34.9)  |   .9976892   .0642774    -0.04   0.971     .8793373     1.13197
         Obese II (35-39.9)  |   1.371504   .1252326     3.46   0.001     1.146763    1.640291
            Obese III (40+)  |   2.037937   .2390159     6.07   0.000     1.619418    2.564616
                             |
                smoke_nomiss |
                     Former  |   1.161884   .0587169     2.97   0.003     1.052317    1.282859
                    Current  |   1.043224    .113753     0.39   0.698     .8424862    1.291792
                             |
                         imd |
                          2  |   1.290374    .105249     3.13   0.002     1.099734    1.514062
                          3  |   1.323928   .1086295     3.42   0.001     1.127256    1.554913
                          4  |   1.640487   .1303243     6.23   0.000     1.403949    1.916877
            5 most deprived  |   1.947483   .1532183     8.47   0.000     1.669188    2.272176
                             |
                         ckd |
                        CKD  |   1.267315   .0675048     4.45   0.000      1.14168    1.406775
              1.hypertension |   .9946656   .0504133    -0.11   0.916     .9006065    1.098548
             1.heart_failure |   1.261701   .1004504     2.92   0.004     1.079414    1.474772
       1.other_heart_disease |   .9917572    .082988    -0.10   0.921     .8417415    1.168509
                             |
                diab_control |
        Controlled diabetes  |   1.286902   .0760536     4.27   0.000     1.146149     1.44494
      Uncontrolled diabetes  |   1.797039   .1543238     6.83   0.000     1.518655    2.126453
                             |
                      1.copd |   1.164728   .0888101     2.00   0.046     1.003046    1.352472
         1.other_respiratory |   1.858995   .1540779     7.48   0.000      1.58026    2.186894
             1.immunodef_any |   1.390961   .3613219     1.27   0.204     .8359943    2.314338
                    1.cancer |   1.262212   .0710677     4.14   0.000     1.130332    1.409478
                             |
              arthritis_type |
             Osteoarthritis  |   .6201526   .0875198    -3.39   0.001     .4702964    .8177592
               Both RA & OA  |   .7708022    .127253    -1.58   0.115     .5577206    1.065293
                             |
      1.steroid_prednisolone |   1.423747   .1146905     4.39   0.000     1.215805    1.667254
        1.hydroxychloroquine |   1.285808   .2722636     1.19   0.235     .8490597    1.947215
1.aande_attendance_last_year |   2.495815   .1194687    19.11   0.000     2.272309    2.741305
       1.dmards_primary_care |   1.182956   .1693529     1.17   0.241     .8935321    1.566128
----------------------------------------------------------------------------------------------
                                                             Stratified by stp

. 
. estimates save ./$tempdir/multivar2_completecase, replace 
(note: file ./arthritis_tempdata/multivar2_completecase.ster not found)
file ./arthritis_tempdata/multivar2_completecase.ster saved

. 
. * DAG approach in complete case cohort WITH ethnicity
. 
. stcox i.exposure i.male age1 age2 age3 i.ethnicity $varlist, strata(stp)                

         failure _d:  onscoviddeath
   analysis time _t:  (stime_onscoviddeath-origin)
             origin:  time enter_date
  enter on or after:  time enter_date
                 id:  patient_id

Iteration 0:   log likelihood = -20713.796
Iteration 1:   log likelihood = -19079.384
Iteration 2:   log likelihood = -18466.046
Iteration 3:   log likelihood =  -18455.52
Iteration 4:   log likelihood = -18455.423
Iteration 5:   log likelihood = -18455.423
Refining estimates:
Iteration 0:   log likelihood = -18455.423

Stratified Cox regr. -- Breslow method for ties

No. of subjects =    1,318,912                  Number of obs    =   1,318,912
No. of failures =        1,903
Time at risk    =    136293809
                                                LR chi2(34)      =     4516.75
Log likelihood  =   -18455.423                  Prob > chi2      =      0.0000

----------------------------------------------------------------------------------------------
                          _t | Haz. Ratio   Std. Err.      z    P>|z|     [95% Conf. Interval]
-----------------------------+----------------------------------------------------------------
                    exposure |
          current NSAID use  |   .7932765   .0889226    -2.07   0.039     .6368085    .9881898
                      1.male |   1.552364   .0748889     9.12   0.000      1.41231    1.706307
                        age1 |   1.105479   .0251485     4.41   0.000     1.057271    1.155884
                        age2 |   .9817089   .0427046    -0.42   0.671     .9014782     1.06908
                        age3 |    1.16001   .1649188     1.04   0.296     .8779022     1.53277
                             |
                   ethnicity |
                      Mixed  |   1.613108   .4706103     1.64   0.101     .9106111    2.857552
     Asian or Asian British  |   1.332696   .1604101     2.39   0.017     1.052631    1.687275
                      Black  |   .9289099   .1886918    -0.36   0.717     .6238309    1.383185
                      Other  |   1.308952   .3232345     1.09   0.276      .806727    2.123834
                             |
                   obese4cat |
          Obese I (30-34.9)  |   1.001426   .0645199     0.02   0.982     .8826274    1.136214
         Obese II (35-39.9)  |   1.382512   .1262758     3.55   0.000     1.155904    1.653544
            Obese III (40+)  |   2.062336   .2420116     6.17   0.000     1.638598    2.595652
                             |
                smoke_nomiss |
                     Former  |   1.180065   .0603312     3.24   0.001      1.06755     1.30444
                    Current  |   1.061822   .1161001     0.55   0.583     .8570002    1.315596
                             |
                         imd |
                          2  |   1.289749   .1051979     3.12   0.002     1.099201    1.513328
                          3  |   1.318417   .1082173     3.37   0.001     1.122497    1.548533
                          4  |   1.623946    .129228     6.09   0.000     1.389427    1.898048
            5 most deprived  |   1.919831   .1517782     8.25   0.000     1.644253    2.241596
                             |
                         ckd |
                        CKD  |   1.269677   .0676321     4.48   0.000     1.143805      1.4094
              1.hypertension |   .9934607    .050364    -0.13   0.897     .8994947    1.097243
             1.heart_failure |   1.264476   .1006793     2.95   0.003     1.081774    1.478034
       1.other_heart_disease |   .9925372    .083061    -0.09   0.929     .8423906    1.169446
                             |
                diab_control |
        Controlled diabetes  |   1.267786    .075445     3.99   0.000     1.128214    1.424624
      Uncontrolled diabetes  |   1.764274   .1521882     6.58   0.000     1.489843    2.089256
                             |
                      1.copd |   1.169728   .0892021     2.06   0.040     1.007333    1.358302
         1.other_respiratory |   1.857361    .153899     7.47   0.000     1.578944    2.184872
             1.immunodef_any |   1.390129   .3612192     1.27   0.205     .8353607    2.313323
                    1.cancer |   1.268799    .071501     4.22   0.000     1.136121     1.41697
                             |
              arthritis_type |
             Osteoarthritis  |   .6207495   .0876053    -3.38   0.001     .4707472    .8185496
               Both RA & OA  |   .7705249   .1272136    -1.58   0.114      .557511    1.064927
                             |
      1.steroid_prednisolone |   1.425536    .114848     4.40   0.000     1.217311     1.66938
        1.hydroxychloroquine |   1.282281    .271523     1.17   0.240     .8467232    1.941892
1.aande_attendance_last_year |   2.498774   .1196053    19.13   0.000     2.275012    2.744544
       1.dmards_primary_care |   1.184786   .1696124     1.18   0.236     .8949174    1.568544
----------------------------------------------------------------------------------------------
                                                             Stratified by stp

. 
. estimates save ./$tempdir/multivar3_completecase_ethn, replace 
(note: file ./arthritis_tempdata/multivar3_completecase_ethn.ster not found)
file ./arthritis_tempdata/multivar3_completecase_ethn.ster saved

. 
. /* Print table================================================================*/ 
. *  Print the results for the main model 
. 
. cap file close tablecontent

. file open tablecontent using ./$outdir/table1.txt, write text replace
(note: file ./arthritis_output_DAG/table1.txt not found)

. 
. * Column headings 
. file write tablecontent ("Table 1: Association between current NSAID use and death - $population Population, using DAG approach") _n

. file write tablecontent _tab ("Number of events") _tab ("Total person-weeks") _tab ("Rate per 1,000") _tab ("DAG - Full cohort without ethnicity") ///
>                                                 _tab _tab ("DAG - Complete case cohort without ethnicity") ///
>                                                 _tab _tab ("DAG - Complete case cohort with ethnicity") _tab _tab _n

. file write tablecontent _tab _tab _tab _tab ("HR") _tab ("95% CI") _tab ("HR") _tab ///
>                                                 ("95% CI") _tab ("HR") _tab ("95% CI") _n

. file write tablecontent ("Post-hoc Analysis") _n                                        

. 
. * Row headings 
. local lab0: label exposure 0

. local lab1: label exposure 1

.  
. * First row, exposure = 0 (reference)
. 
.         safecount if exposure == 0 & $outcome == 1
  1,817

.         local event = r(N)

.     bysort exposure: egen total_follow_up = total(_t)

.         su total_follow_up if exposure == 0

    Variable |        Obs        Mean    Std. Dev.       Min        Max
-------------+---------------------------------------------------------
total_foll~p |  1,182,693    1.22e+08           0   1.22e+08   1.22e+08

.         local person_week = r(mean)/7

.         local rate = 1000*(`event'/`person_week')

.         
.         file write tablecontent ("`lab0'") _tab

.         file write tablecontent (`event') _tab %10.0f (`person_week') _tab %3.2f (`rate') _tab

.         file write tablecontent ("1.00 (ref)") _tab _tab ("1.00 (ref)") _tab _tab ("1.00 (ref)") _n

.         
. * Second row, exposure = 1 (NSAID)
. 
. file write tablecontent ("`lab1'") _tab  

. 
.         safecount if exposure == 1 & $outcome == 1
  86

.         local event = r(N)

.         su total_follow_up if exposure == 1

    Variable |        Obs        Mean    Std. Dev.       Min        Max
-------------+---------------------------------------------------------
total_foll~p |    136,219    1.43e+07           0   1.43e+07   1.43e+07

.         local person_week = r(mean)/7

.         local rate = 1000*(`event'/`person_week')

.         file write tablecontent (`event') _tab %10.0f (`person_week') _tab %3.2f (`rate') _tab

. 
. /* Main Model */ 
. estimates use ./$tempdir/multivar1_full 

. lincom 1.exposure, eform

 ( 1)  1.exposure = 0

------------------------------------------------------------------------------
          _t |     exp(b)   Std. Err.      z    P>|z|     [95% Conf. Interval]
-------------+----------------------------------------------------------------
         (1) |    .857048   .0804869    -1.64   0.100     .7129635    1.030251
------------------------------------------------------------------------------

. file write tablecontent %4.2f (r(estimate)) _tab %4.2f (r(lb)) (" - ") %4.2f (r(ub)) _tab 

. 
. estimates use ./$tempdir/multivar2_completecase

. lincom 1.exposure, eform

 ( 1)  1.exposure = 0

------------------------------------------------------------------------------
          _t |     exp(b)   Std. Err.      z    P>|z|     [95% Conf. Interval]
-------------+----------------------------------------------------------------
         (1) |   .7951503   .0891339    -2.04   0.041     .6383106     .990527
------------------------------------------------------------------------------

. file write tablecontent %4.2f (r(estimate)) _tab %4.2f (r(lb)) (" - ") %4.2f (r(ub)) _tab 

. 
. estimates use ./$tempdir/multivar3_completecase_ethn

. lincom 1.exposure, eform

 ( 1)  1.exposure = 0

------------------------------------------------------------------------------
          _t |     exp(b)   Std. Err.      z    P>|z|     [95% Conf. Interval]
-------------+----------------------------------------------------------------
         (1) |   .7932765   .0889226    -2.07   0.039     .6368085    .9881898
------------------------------------------------------------------------------

. file write tablecontent %4.2f (r(estimate)) _tab %4.2f (r(lb)) (" - ") %4.2f (r(ub)) _n 

. 
. 
. file write tablecontent _n

. file close tablecontent

. 
. restore 

. 
. * Close log file 
. log close
      name:  <unnamed>
       log:  E:\analyses\nsaids-covid-research\analysis\arthritis_log_DAG\posthoc_01_an_models_DAG.log
  log type:  text
 closed on:   8 Oct 2020, 05:09:49
------------------------------------------------------------------------------------------------------------------------------------------------------------------------------------------------------------------------
