------------------------------------------------------------------------------------------------------------------------------------------------------------------------------------------------------------------------
      name:  <unnamed>
       log:  E:\analyses\nsaids-covid-research\analysis\arthritis_log_sens5\06b_an_models_arthritis.log
  log type:  text
 opened on:   8 Oct 2020, 06:11:48

. 
. * Open Stata dataset
. use $tempdir\analysis_dataset_STSET_$outcome, clear

. 
. /* Sense check outcomes=======================================================*/ 
. 
. tab exposure $outcome, missing row

+----------------+
| Key            |
|----------------|
|   frequency    |
| row percentage |
+----------------+

                      |   Failure/censoring
                      |     indicator for
                      |  outcome: ONS covid
      NSAID Treatment |         death
             Exposure |         0          1 |     Total
----------------------+----------------------+----------
non-current NSAID use | 1,431,932      2,071 | 1,434,003 
                      |     99.86       0.14 |    100.00 
----------------------+----------------------+----------
    current NSAID use |   167,025        117 |   167,142 
                      |     99.93       0.07 |    100.00 
----------------------+----------------------+----------
                Total | 1,598,957      2,188 | 1,601,145 
                      |     99.86       0.14 |    100.00 

. 
. /* Main Model=================================================================*/
. 
. /* Univariable model */ 
. 
. stcox i.exposure 

         failure _d:  onscoviddeath
   analysis time _t:  (stime_onscoviddeath-origin)
             origin:  time enter_date
  enter on or after:  time enter_date
                 id:  patient_id

Iteration 0:   log likelihood = -31223.172
Iteration 1:   log likelihood = -31187.172
Iteration 2:   log likelihood = -31185.146
Iteration 3:   log likelihood = -31185.135
Iteration 4:   log likelihood = -31185.135
Refining estimates:
Iteration 0:   log likelihood = -31185.135

Cox regression -- Breslow method for ties

No. of subjects =    1,601,145                  Number of obs    =   1,601,145
No. of failures =        2,188
Time at risk    =    165473431
                                                LR chi2(1)       =       76.07
Log likelihood  =   -31185.135                  Prob > chi2      =      0.0000

------------------------------------------------------------------------------------
                _t | Haz. Ratio   Std. Err.      z    P>|z|     [95% Conf. Interval]
-------------------+----------------------------------------------------------------
          exposure |
current NSAID use  |   .4770747   .0453343    -7.79   0.000     .3960048    .5747413
------------------------------------------------------------------------------------

. estimates save ./$tempdir/univar, replace 
(note: file ./arthritis_tempdata_sens5/univar.ster not found)
file ./arthritis_tempdata_sens5/univar.ster saved

. 
. /* Multivariable models */ 
. 
. * Age and Gender 
. * Age fit as spline in first instance, categorical below 
. 
. stcox i.exposure i.male age1 age2 age3 

         failure _d:  onscoviddeath
   analysis time _t:  (stime_onscoviddeath-origin)
             origin:  time enter_date
  enter on or after:  time enter_date
                 id:  patient_id

Iteration 0:   log likelihood = -31223.172
Iteration 1:   log likelihood = -29771.583
Iteration 2:   log likelihood = -29214.227
Iteration 3:   log likelihood = -29211.727
Iteration 4:   log likelihood = -29211.705
Iteration 5:   log likelihood = -29211.705
Refining estimates:
Iteration 0:   log likelihood = -29211.705

Cox regression -- Breslow method for ties

No. of subjects =    1,601,145                  Number of obs    =   1,601,145
No. of failures =        2,188
Time at risk    =    165473431
                                                LR chi2(5)       =     4022.93
Log likelihood  =   -29211.705                  Prob > chi2      =      0.0000

------------------------------------------------------------------------------------
                _t | Haz. Ratio   Std. Err.      z    P>|z|     [95% Conf. Interval]
-------------------+----------------------------------------------------------------
          exposure |
current NSAID use  |    .899045   .0862829    -1.11   0.267     .7448866    1.085107
            1.male |   1.707421   .0745542    12.25   0.000     1.567375    1.859979
              age1 |   1.075009   .0206169     3.77   0.000     1.035351    1.116187
              age2 |   1.041787   .0391595     1.09   0.276     .9677948    1.121436
              age3 |    .974632   .1212914    -0.21   0.836     .7636775     1.24386
------------------------------------------------------------------------------------

. estimates save ./$tempdir/multivar1, replace 
(note: file ./arthritis_tempdata_sens5/multivar1.ster not found)
file ./arthritis_tempdata_sens5/multivar1.ster saved

. 
. * Age, Gender and Comorbidities (note: diabetes variable is diabcat)
. stcox i.exposure i.male age1 age2 age3  i.obese4cat                                     ///
>                                                                                 i.smoke_nomiss                          ///
>                                                                                 i.imd                                           ///
>                                                                                 i.ckd                                           ///             
>                                                                                 i.hypertension                          ///             
>                                                                                 i.heart_failure                         ///             
>                                                                                 i.other_heart_disease           ///             
>                                                                                 i.diabcat                                       ///     
>                                                                                 i.copd                      ///
>                                                                                 i.other_respiratory         ///
>                                                                                 i.immunodef_any                         ///
>                                                                                 i.cancer                                ///     
>                                                                             i.arthritis_type                    ///     
>                                                                                 i.statin                                        ///     
>                                                                                 i.ppi                       ///
>                                                                                 i.steroid_prednisolone      ///
>                                                                                 i.hydroxychloroquine        ///
>                                                                                 i.dmards_primary_care       ///
>                                                                                 i.flu_vaccine                           ///     
>                                                                                 i.pneumococcal_vaccine, strata(stp)                             

         failure _d:  onscoviddeath
   analysis time _t:  (stime_onscoviddeath-origin)
             origin:  time enter_date
  enter on or after:  time enter_date
                 id:  patient_id

Iteration 0:   log likelihood = -24168.399
Iteration 1:   log likelihood = -22446.102
Iteration 2:   log likelihood = -21774.954
Iteration 3:   log likelihood =  -21766.24
Iteration 4:   log likelihood = -21766.199
Iteration 5:   log likelihood = -21766.199
Refining estimates:
Iteration 0:   log likelihood = -21766.199

Stratified Cox regr. -- Breslow method for ties

No. of subjects =    1,601,145                  Number of obs    =   1,601,145
No. of failures =        2,188
Time at risk    =    165473431
                                                LR chi2(34)      =     4804.40
Log likelihood  =   -21766.199                  Prob > chi2      =      0.0000

---------------------------------------------------------------------------------------------
                         _t | Haz. Ratio   Std. Err.      z    P>|z|     [95% Conf. Interval]
----------------------------+----------------------------------------------------------------
                   exposure |
         current NSAID use  |   .8409867   .0836348    -1.74   0.082     .6920516    1.021974
                     1.male |   1.702655   .0764622    11.85   0.000     1.559198    1.859312
                       age1 |   1.082346    .021133     4.05   0.000     1.041708    1.124568
                       age2 |   1.031682    .039503     0.81   0.415     .9570911    1.112085
                       age3 |   .9865293    .125232    -0.11   0.915     .7692309    1.265212
                            |
                  obese4cat |
         Obese I (30-34.9)  |   .9990849   .0609699    -0.02   0.988      .886456    1.126024
        Obese II (35-39.9)  |   1.360208   .1189003     3.52   0.000     1.146038    1.614402
           Obese III (40+)  |   1.812933   .2136659     5.05   0.000     1.439004    2.284027
                            |
               smoke_nomiss |
                    Former  |   1.154765   .0540169     3.08   0.002     1.053602    1.265641
                   Current  |   1.004167   .1031446     0.04   0.968     .8210568    1.228113
                            |
                        imd |
                         2  |   1.246006   .0910673     3.01   0.003     1.079713    1.437912
                         3  |   1.267695   .0938024     3.21   0.001     1.096556    1.465545
                         4  |   1.580571   .1138303     6.36   0.000     1.372498    1.820188
           5 most deprived  |   1.924722   .1385977     9.09   0.000     1.671374    2.216473
                            |
                        ckd |
                       CKD  |    1.21726   .0614319     3.90   0.000     1.102619    1.343821
             1.hypertension |   1.043034   .0489544     0.90   0.369     .9513664    1.143535
            1.heart_failure |   1.478736   .1137255     5.09   0.000     1.271824     1.71931
      1.other_heart_disease |   1.130989   .0994626     1.40   0.162     .9519218    1.343742
                            |
                    diabcat |
       Controlled diabetes  |   1.390556   .0807598     5.68   0.000     1.240946    1.558203
     Uncontrolled diabetes  |   2.209443   .1945185     9.00   0.000     1.859274    2.625562
Diabetes, no hba1c measure  |   .6625866   .3321507    -0.82   0.412     .2480507    1.769884
                            |
                     1.copd |   1.250611   .0909501     3.08   0.002     1.084473      1.4422
        1.other_respiratory |   1.705356   .1395132     6.52   0.000     1.452711    2.001939
            1.immunodef_any |    1.56402   .3718953     1.88   0.060     .9813917    2.492542
                   1.cancer |   1.324406   .0694536     5.36   0.000     1.195042    1.467774
                            |
             arthritis_type |
            Osteoarthritis  |   .6244119   .0799074    -3.68   0.000     .4858933    .8024193
              Both RA & OA  |   .7932023   .1201575    -1.53   0.126     .5894413      1.0674
                            |
                   1.statin |   .6487313   .0342152    -8.20   0.000     .5850204    .7193806
                      1.ppi |   1.234113   .0577762     4.49   0.000     1.125914     1.35271
     1.steroid_prednisolone |    1.59028   .1197408     6.16   0.000     1.372088    1.843169
       1.hydroxychloroquine |   1.305948   .2504087     1.39   0.164     .8968348    1.901688
      1.dmards_primary_care |   1.146567   .1508907     1.04   0.299     .8858894    1.483951
              1.flu_vaccine |   1.002647   .0529097     0.05   0.960     .9041286    1.111901
     1.pneumococcal_vaccine |   1.035848   .0768972     0.47   0.635     .8955837     1.19808
---------------------------------------------------------------------------------------------
                                                             Stratified by stp

.                                                                                 
. estimates save ./$tempdir/multivar2, replace 
(note: file ./arthritis_tempdata_sens5/multivar2.ster not found)
file ./arthritis_tempdata_sens5/multivar2.ster saved

. 
. * Age, Gender and Comorbidities (note: changed diabetes category: grouped no HbA1c to uncontrolled DM after first run because diab causing the model not to converge)
. stcox i.exposure i.male age1 age2 age3  $varlist, strata(stp)

         failure _d:  onscoviddeath
   analysis time _t:  (stime_onscoviddeath-origin)
             origin:  time enter_date
  enter on or after:  time enter_date
                 id:  patient_id

Iteration 0:   log likelihood = -24168.399
Iteration 1:   log likelihood = -22451.048
Iteration 2:   log likelihood = -21779.209
Iteration 3:   log likelihood = -21770.456
Iteration 4:   log likelihood = -21770.415
Iteration 5:   log likelihood = -21770.415
Refining estimates:
Iteration 0:   log likelihood = -21770.415

Stratified Cox regr. -- Breslow method for ties

No. of subjects =    1,601,145                  Number of obs    =   1,601,145
No. of failures =        2,188
Time at risk    =    165473431
                                                LR chi2(33)      =     4795.97
Log likelihood  =   -21770.415                  Prob > chi2      =      0.0000

----------------------------------------------------------------------------------------
                    _t | Haz. Ratio   Std. Err.      z    P>|z|     [95% Conf. Interval]
-----------------------+----------------------------------------------------------------
              exposure |
    current NSAID use  |   .8402284    .083563    -1.75   0.080     .6914218    1.021061
                1.male |   1.704455   .0765331    11.88   0.000     1.560863    1.861255
                  age1 |    1.08233   .0211262     4.05   0.000     1.041706    1.124539
                  age2 |    1.03149   .0394872     0.81   0.418      .956929    1.111861
                  age3 |   .9871173   .1252875    -0.10   0.919     .7697187    1.265918
                       |
             obese4cat |
    Obese I (30-34.9)  |   1.001624   .0611077     0.03   0.979     .8887385    1.128848
   Obese II (35-39.9)  |   1.365657   .1193374     3.57   0.000     1.150694    1.620778
      Obese III (40+)  |   1.824463   .2149455     5.10   0.000      1.44828    2.298358
                       |
          smoke_nomiss |
               Former  |   1.156335   .0540844     3.11   0.002     1.055045    1.267349
              Current  |   1.005299   .1032615     0.05   0.959     .8219822      1.2295
                       |
                   imd |
                    2  |   1.247127   .0911473     3.02   0.003     1.080687    1.439201
                    3  |   1.268152   .0938358     3.21   0.001     1.096952    1.466072
                    4  |   1.582432   .1139665     6.37   0.000     1.374111    1.822336
      5 most deprived  |   1.926084   .1386971     9.10   0.000     1.672554    2.218044
                       |
                   ckd |
                  CKD  |   1.221119   .0615981     3.96   0.000     1.106165    1.348018
        1.hypertension |   1.043479    .048977     0.91   0.365     .9517692    1.144027
       1.heart_failure |   1.481033   .1138769     5.11   0.000     1.273842    1.721923
 1.other_heart_disease |   1.130389   .0994012     1.39   0.163     .9514313    1.343009
                       |
          diab_control |
  Controlled diabetes  |   1.386815    .080532     5.63   0.000     1.237626    1.553987
Uncontrolled diabetes  |   2.078327   .1801396     8.44   0.000     1.753621    2.463157
                       |
                1.copd |   1.250915   .0909687     3.08   0.002     1.084743    1.442543
   1.other_respiratory |   1.703876    .139379     6.51   0.000     1.451472    2.000172
       1.immunodef_any |   1.566207   .3724004     1.89   0.059     .9827819     2.49598
              1.cancer |   1.324827   .0694751     5.36   0.000     1.195423     1.46824
                       |
        arthritis_type |
       Osteoarthritis  |   .6249939   .0799782    -3.67   0.000     .4863519    .8031579
         Both RA & OA  |   .7922367   .1200116    -1.54   0.124     .5887231    1.066102
                       |
              1.statin |   .6520069   .0343471    -8.12   0.000     .5880465    .7229241
                 1.ppi |   1.235271   .0578285     4.51   0.000     1.126974    1.353976
1.steroid_prednisolone |   1.591698   .1198551     6.17   0.000     1.373299    1.844829
  1.hydroxychloroquine |   1.305116   .2502399     1.39   0.165     .8962757     1.90045
 1.dmards_primary_care |   1.146287   .1508627     1.04   0.300     .8856596     1.48361
         1.flu_vaccine |    1.00421   .0530027     0.08   0.937     .9055189    1.113656
1.pneumococcal_vaccine |   1.035349   .0768661     0.47   0.640     .8951427    1.197517
----------------------------------------------------------------------------------------
                                                             Stratified by stp

. 
. estimates save ./$tempdir/multivar3, replace 
(note: file ./arthritis_tempdata_sens5/multivar3.ster not found)
file ./arthritis_tempdata_sens5/multivar3.ster saved

. 
. /* Print table================================================================*/ 
. *  Print the results for the main model 
. 
. cap file close tablecontent

. file open tablecontent using ./$outdir/table2.txt, write text replace
(note: file ./arthritis_output_sens5/table2.txt not found)

. 
. * Column headings 
. file write tablecontent ("Table 2: Association between current NSAID use and $tableoutcome - $population Population") _n

. file write tablecontent _tab ("Number of events") _tab ("Total person-weeks") _tab ("Rate per 1,000") _tab ("Univariable") _tab _tab ("Age/Sex Adjusted") _tab _tab ///
>                                                 ("Age/Sex and Comorbidity Adjusted") _tab _tab ///
>                                                 ("Age/Sex and Comorbidity (diabetes regroup)") _tab _tab _n

. file write tablecontent _tab _tab _tab _tab ("HR") _tab ("95% CI") _tab ("HR") _tab ///
>                                                 ("95% CI") _tab ("HR") _tab ("95% CI") _tab ("HR") _tab ("95% CI") _n

. file write tablecontent ("Main Analysis") _n                                    

. 
. * Row headings 
. local lab0: label exposure 0

. local lab1: label exposure 1

.  
. /* Counts */
.  
. * First row, exposure = 0 (reference)
. 
.         safecount if exposure == 0 & $outcome == 1
  2,071

.         local event = r(N)

.     bysort exposure: egen total_follow_up = total(_t)

.         su total_follow_up if exposure == 0

    Variable |        Obs        Mean    Std. Dev.       Min        Max
-------------+---------------------------------------------------------
total_foll~p |  1,434,003    1.48e+08           0   1.48e+08   1.48e+08

.         local person_week = r(mean)/7

.         local rate = 1000*(`event'/`person_week')

.         
.         file write tablecontent ("`lab0'") _tab

.         file write tablecontent (`event') _tab %10.0f (`person_week') _tab %3.2f (`rate') _tab

.         file write tablecontent ("1.00 (ref)") _tab _tab ("1.00 (ref)") _tab _tab ("1.00 (ref)") _n

.         
. * Second row, exposure = 1 (NSAID)
. 
. file write tablecontent ("`lab1'") _tab  

. 
.         safecount if exposure == 1 & $outcome == 1
  117

.         local event = r(N)

.         su total_follow_up if exposure == 1

    Variable |        Obs        Mean    Std. Dev.       Min        Max
-------------+---------------------------------------------------------
total_foll~p |    167,142    1.75e+07           0   1.75e+07   1.75e+07

.         local person_week = r(mean)/7

.         local rate = 1000*(`event'/`person_week')

.         file write tablecontent (`event') _tab %10.0f (`person_week') _tab %3.2f (`rate') _tab

. 
. /* Main Model */ 
. estimates use ./$tempdir/univar 

. lincom 1.exposure, eform

 ( 1)  1.exposure = 0

------------------------------------------------------------------------------
          _t |     exp(b)   Std. Err.      z    P>|z|     [95% Conf. Interval]
-------------+----------------------------------------------------------------
         (1) |   .4770747   .0453343    -7.79   0.000     .3960048    .5747413
------------------------------------------------------------------------------

. file write tablecontent %4.2f (r(estimate)) _tab %4.2f (r(lb)) (" - ") %4.2f (r(ub)) _tab 

. 
. estimates use ./$tempdir/multivar1 

. lincom 1.exposure, eform

 ( 1)  1.exposure = 0

------------------------------------------------------------------------------
          _t |     exp(b)   Std. Err.      z    P>|z|     [95% Conf. Interval]
-------------+----------------------------------------------------------------
         (1) |    .899045   .0862829    -1.11   0.267     .7448866    1.085107
------------------------------------------------------------------------------

. file write tablecontent %4.2f (r(estimate)) _tab %4.2f (r(lb)) (" - ") %4.2f (r(ub)) _tab 

. 
. estimates use ./$tempdir/multivar2  

. lincom 1.exposure, eform

 ( 1)  1.exposure = 0

------------------------------------------------------------------------------
          _t |     exp(b)   Std. Err.      z    P>|z|     [95% Conf. Interval]
-------------+----------------------------------------------------------------
         (1) |   .8409867   .0836348    -1.74   0.082     .6920516    1.021974
------------------------------------------------------------------------------

. file write tablecontent %4.2f (r(estimate)) _tab %4.2f (r(lb)) (" - ") %4.2f (r(ub)) _tab 

. 
. estimates use ./$tempdir/multivar3

. lincom 1.exposure, eform

 ( 1)  1.exposure = 0

------------------------------------------------------------------------------
          _t |     exp(b)   Std. Err.      z    P>|z|     [95% Conf. Interval]
-------------+----------------------------------------------------------------
         (1) |   .8402284    .083563    -1.75   0.080     .6914218    1.021061
------------------------------------------------------------------------------

. file write tablecontent %4.2f (r(estimate)) _tab %4.2f (r(lb)) (" - ") %4.2f (r(ub)) _n 

. 
. file write tablecontent _n

. file close tablecontent

. 
. 
. * Close log file 
. log close
      name:  <unnamed>
       log:  E:\analyses\nsaids-covid-research\analysis\arthritis_log_sens5\06b_an_models_arthritis.log
  log type:  text
 closed on:   8 Oct 2020, 06:18:52
------------------------------------------------------------------------------------------------------------------------------------------------------------------------------------------------------------------------
