--------------------------------------------------------------------------------------------------------------------------------
      name:  <unnamed>
       log:  E:\alex\nsaids-covid-research\analysis\nsaid_log\05a_an_descriptive_plots_nsaid.log
  log type:  text
 opened on:   3 Jul 2020, 19:48:27

. 
. * Open Stata dataset
. use $tempdir\analysis_dataset_STSET_$outcome, clear

. 
. /* Sense check outcomes=======================================================*/ 
. tab exposure $outcome

                      |   Failure/censoring
                      |     indicator for
                      |  outcome: ONS covid
      NSAID Treatment |         death
             Exposure |         0          1 |     Total
----------------------+----------------------+----------
non-current NSAID use | 1,923,606        611 | 1,924,217 
    current NSAID use |   535,328        217 |   535,545 
----------------------+----------------------+----------
                Total | 2,458,934        828 | 2,459,762 

. 
. /* Generate KM PLOT===========================================================*/ 
. 
. noi display "RUNNING THE KM PLOT FOR `r(N)' "
RUNNING THE KM PLOT FOR 2459762 

. 
. sts graph, by(exposure) failure                                                                                 ///     
>                    title("Time to death, $population population", justification(left) size(medsmall) )             ///
>                    xtitle("Days since 1 Mar 2020", size(small))                                         ///
>                    yscale(range(0, 0.005))                                                                                    
>   ///
>                    ylabel(0 (0.005) 0.02, angle(0) format(%4.3f) labsize(small))        ///
>                    xscale(range(30, 84))                                                                                      
>   ///
>                    xlabel(0 (20) 100, labsize(small))                                                           ///           
>                   
>                    legend(size(vsmall) label(1 "Non-current exposure to NSAIDs") label (2 "Current exposure to NSAIDs") region
> (lwidth(none)) order(2 1) position(12))   ///
>                    graphregion(fcolor(white)) ///       
>                    risktable(,size(vsmall) order (1 "Non-current exposure to NSAIDs" 2 "Current exposure to NSAIDs") title(,si
> ze(vsmall))) ///
>                    saving(kmplot1, replace) 

         failure _d:  onscoviddeath
   analysis time _t:  (stime_onscoviddeath-origin)
             origin:  time enter_date
  enter on or after:  time enter_date
                 id:  patient_id
(note: file kmplot1.gph not found)
(file kmplot1.gph saved)
(file kmplot1.gph saved)

. 
. graph export "$outdir/kmplot1.svg", as(svg) replace
(file nsaid_output/kmplot1.svg written in SVG format)

. 
. * Close window 
. graph close

. 
. * Delete unneeded graphs
. erase kmplot1.gph

. 
. * Close log file 
. log close
      name:  <unnamed>
       log:  E:\alex\nsaids-covid-research\analysis\nsaid_log\05a_an_descriptive_plots_nsaid.log
  log type:  text
 closed on:   3 Jul 2020, 19:49:26
--------------------------------------------------------------------------------------------------------------------------------
