--------------------------------------------------------------------------------------------------------------------------------
      name:  <unnamed>
       log:  E:\alex\nsaids-covid-research\analysis\arthritis_log\Cox2_05_an_descriptive_plots.log
  log type:  text
 opened on:  15 Jul 2020, 11:36:53

. 
. * Open Stata dataset
. use $tempdir\analysis_dataset_STSET_$outcome, clear

. 
. /* Sense check outcomes=======================================================*/ 
. drop exposure

. rename cox_nsaid exposure

. tab exposure $outcome

                      |   Failure/censoring
                      |     indicator for
                      |  outcome: ONS covid
    Cox-2 specific vs |         death
other specific NSAIDs |         0          1 |     Total
----------------------+----------------------+----------
no current use of NSA | 1,532,980      2,441 | 1,535,421 
Cox-2 specific NSAIDs |    12,532          6 |    12,538 
Other specific NSAIDs |   162,976        117 |   163,093 
----------------------+----------------------+----------
                Total | 1,708,488      2,564 | 1,711,052 

. 
. /* Generate KM PLOT===========================================================*/ 
. 
. noi display "RUNNING THE KM PLOT FOR `r(N)' "
RUNNING THE KM PLOT FOR 1711052 

. 
. sts graph, by(exposure) failure                                                                                 ///     
>                    title("Time to death, $population population", justification(left) size(medsmall) )             ///
>                    xtitle("Days since 1 Mar 2020", size(small))                                         ///
>                    yscale(range(0, 0.001))                                                                                    
>   ///
>                    ylabel(0 (0.001) 0.005, angle(0) format(%4.3f) labsize(small))       ///
>                    xscale(range(30, 84))                                                                                      
>   ///
>                    xlabel(0 (20) 110, labsize(small))                                                           ///           
>                   
>                    legend(size(vsmall) label(1 "Non-current exposure to NSAIDs") label(2 "Cox-2 specific NSAIDs") label(3 "Oth
> er specific NSAIDs")         ///
>                    region(lwidth(none)) position(12))   ///
>                    graphregion(fcolor(white)) ///       
>                    risktable(,size(vsmall) order (1 "Non-current exposure to NSAIDs" 2 "Cox-2 specific NSAIDs" 3 "Other specif
> ic NSAIDs") title(,size(vsmall))) ///
>                    saving(kmplot3, replace) 

         failure _d:  onscoviddeath
   analysis time _t:  (stime_onscoviddeath-origin)
             origin:  time enter_date
  enter on or after:  time enter_date
                 id:  patient_id
(note: file kmplot3.gph not found)
(file kmplot3.gph saved)
(file kmplot3.gph saved)

. 
. graph export "$outdir/kmplot3.svg", as(svg) replace
(file arthritis_output/kmplot3.svg written in SVG format)

. 
. * Close window 
. graph close

. 
. * Delete unneeded graphs
. erase kmplot3.gph

. 
. * Close log file 
. log close
      name:  <unnamed>
       log:  E:\alex\nsaids-covid-research\analysis\arthritis_log\Cox2_05_an_descriptive_plots.log
  log type:  text
 closed on:  15 Jul 2020, 11:37:35
--------------------------------------------------------------------------------------------------------------------------------
