------------------------------------------------------------------------------------------------------------------------------------------------------------------------------------------------------------------------
      name:  <unnamed>
       log:  E:\analyses\nsaids-covid-research\analysis\nsaid_log_sens7\06a_an_models_nsaid.log
  log type:  text
 opened on:   7 Oct 2020, 22:55:44

. 
. * Open Stata dataset
. use $tempdir\analysis_dataset_STSET_$outcome, clear

. 
. /* Sense check outcomes=======================================================*/ 
. 
. safetab exposure $outcome, missing row
23

+----------------+
| Key            |
|----------------|
|   frequency    |
| row percentage |
+----------------+

                      |   Failure/censoring
                      |     indicator for
      NSAID Treatment |  outcome: ONS covid
 Exposure in the past |         death
                month |         0          1 |     Total
----------------------+----------------------+----------
non-current NSAID use | 2,244,977        714 | 2,245,691 
                      |     99.97       0.03 |    100.00 
----------------------+----------------------+----------
    current NSAID use |   217,898        118 |   218,016 
                      |     99.95       0.05 |    100.00 
----------------------+----------------------+----------
                Total | 2,462,875        832 | 2,463,707 
                      |     99.97       0.03 |    100.00 

. 
. /* Main Model=================================================================*/
. 
. /* Univariable model */ 
. 
. stcox i.exposure 

         failure _d:  onscoviddeath
   analysis time _t:  (stime_onscoviddeath-origin)
             origin:  time enter_date
  enter on or after:  time enter_date
                 id:  patient_id

Iteration 0:   log likelihood =  -12226.36
Iteration 1:   log likelihood =  -12215.45
Iteration 2:   log likelihood = -12214.735
Iteration 3:   log likelihood = -12214.734
Refining estimates:
Iteration 0:   log likelihood = -12214.734

Cox regression -- Breslow method for ties

No. of subjects =    2,463,707                  Number of obs    =   2,463,707
No. of failures =          832
Time at risk    =    252942782
                                                LR chi2(1)       =       23.25
Log likelihood  =   -12214.734                  Prob > chi2      =      0.0000

------------------------------------------------------------------------------------
                _t | Haz. Ratio   Std. Err.      z    P>|z|     [95% Conf. Interval]
-------------------+----------------------------------------------------------------
          exposure |
current NSAID use  |   1.664349    .165393     5.13   0.000       1.3698    2.022236
------------------------------------------------------------------------------------

. estimates save ./$tempdir/univar, replace 
(note: file ./nsaid_tempdata_sens7/univar.ster not found)
file ./nsaid_tempdata_sens7/univar.ster saved

. 
. /* Multivariable models */ 
. 
. * Age and Gender 
. * Age fit as spline in first instance, categorical below 
. 
. stcox i.exposure i.male age1 age2 age3 

         failure _d:  onscoviddeath
   analysis time _t:  (stime_onscoviddeath-origin)
             origin:  time enter_date
  enter on or after:  time enter_date
                 id:  patient_id

Iteration 0:   log likelihood =  -12226.36
Iteration 1:   log likelihood =  -11554.75
Iteration 2:   log likelihood = -11272.534
Iteration 3:   log likelihood = -11271.415
Iteration 4:   log likelihood = -11271.366
Iteration 5:   log likelihood = -11271.366
Refining estimates:
Iteration 0:   log likelihood = -11271.366

Cox regression -- Breslow method for ties

No. of subjects =    2,463,707                  Number of obs    =   2,463,707
No. of failures =          832
Time at risk    =    252942782
                                                LR chi2(5)       =     1909.99
Log likelihood  =   -11271.366                  Prob > chi2      =      0.0000

------------------------------------------------------------------------------------
                _t | Haz. Ratio   Std. Err.      z    P>|z|     [95% Conf. Interval]
-------------------+----------------------------------------------------------------
          exposure |
current NSAID use  |   1.326713   .1320781     2.84   0.005     1.091534    1.612563
            1.male |   2.165402   .1535255    10.90   0.000     1.884469    2.488216
              age1 |   1.151498   .0473087     3.43   0.001      1.06241    1.248057
              age2 |   .8748408   .0694631    -1.68   0.092     .7487605    1.022151
              age3 |   1.599445   .3664809     2.05   0.040     1.020783    2.506139
------------------------------------------------------------------------------------

. estimates save ./$tempdir/multivar1, replace 
(note: file ./nsaid_tempdata_sens7/multivar1.ster not found)
file ./nsaid_tempdata_sens7/multivar1.ster saved

. 
. * Age, Gender and Comorbidities (note: diabetes variable is diabcat) 
. stcox i.exposure i.male age1 age2 age3  i.obese4cat                                     ///
>                                                                                 i.smoke_nomiss                          ///
>                                                                                 i.imd                                           ///
>                                                                                 i.ckd                                           ///             
>                                                                                 i.hypertension                          ///             
>                                                                                 i.heart_failure                         ///             
>                                                                                 i.other_heart_disease           ///             
>                                                                                 i.diabcat                                       ///     
>                                                                                 i.copd                      ///
>                                                                                 i.other_respiratory         ///
>                                                                                 i.immunodef_any                         ///
>                                                                                 i.cancer                                ///     
>                                                                             i.rheumatoid                                ///     
>                                                                                 i.osteoarthritis                        ///     
>                                                                                 i.statin                                        ///     
>                                                                                 i.ppi                       ///
>                                                                                 i.steroid_prednisolone      ///
>                                                                                 i.hydroxychloroquine        ///
>                                                                                 i.dmards_primary_care       ///
>                                                                                 i.flu_vaccine                           ///     
>                                                                                 i.pneumococcal_vaccine , strata(stp)                            

         failure _d:  onscoviddeath
   analysis time _t:  (stime_onscoviddeath-origin)
             origin:  time enter_date
  enter on or after:  time enter_date
                 id:  patient_id

Iteration 0:   log likelihood = -9541.0673
Iteration 1:   log likelihood = -8610.7045
Iteration 2:   log likelihood =  -8360.674
Iteration 3:   log likelihood = -8342.8632
Iteration 4:   log likelihood = -8339.9149
Iteration 5:   log likelihood = -8339.5773
Iteration 6:   log likelihood = -8339.5708
Iteration 7:   log likelihood = -8339.5708
Refining estimates:
Iteration 0:   log likelihood = -8339.5708

Stratified Cox regr. -- Breslow method for ties

No. of subjects =    2,463,707                  Number of obs    =   2,463,707
No. of failures =          832
Time at risk    =    252942782
                                                LR chi2(34)      =     2402.99
Log likelihood  =   -8339.5708                  Prob > chi2      =      0.0000

---------------------------------------------------------------------------------------------
                         _t | Haz. Ratio   Std. Err.      z    P>|z|     [95% Conf. Interval]
----------------------------+----------------------------------------------------------------
                   exposure |
         current NSAID use  |   1.201709   .1266164     1.74   0.081     .9774929    1.477355
                     1.male |    2.19604   .1597541    10.81   0.000     1.904225    2.532574
                       age1 |   1.137252   .0464349     3.15   0.002     1.049788    1.232004
                       age2 |   .8965585    .071672    -1.37   0.172      .766536    1.048636
                       age3 |   1.470028   .3412707     1.66   0.097     .9326465    2.317043
                            |
                  obese4cat |
         Obese I (30-34.9)  |   1.083474   .0990319     0.88   0.380      .905768    1.296046
        Obese II (35-39.9)  |    1.52012   .1886266     3.37   0.001     1.191942    1.938655
           Obese III (40+)  |   1.682792   .2923263     3.00   0.003     1.197192    2.365358
                            |
               smoke_nomiss |
                    Former  |   1.050954   .0805799     0.65   0.517     .9043144    1.221372
                   Current  |   .8126227   .1107864    -1.52   0.128     .6220753    1.061536
                            |
                        imd |
                         2  |   1.487973     .16689     3.54   0.000     1.194331     1.85381
                         3  |   1.541533   .1785891     3.74   0.000       1.2284    1.934488
                         4  |   1.835353   .2162499     5.15   0.000     1.456891    2.312129
           5 most deprived  |   2.374049   .2887443     7.11   0.000     1.870519    3.013126
                            |
                        ckd |
                       CKD  |   1.405232   .1335124     3.58   0.000     1.166473    1.692862
             1.hypertension |   1.050321   .0809339     0.64   0.524      .903091    1.221554
            1.heart_failure |   1.668986   .2773504     3.08   0.002     1.205039    2.311557
      1.other_heart_disease |   1.162987   .1914224     0.92   0.359     .8423078    1.605753
                            |
                    diabcat |
       Controlled diabetes  |   1.446153   .1393722     3.83   0.000     1.197237     1.74682
     Uncontrolled diabetes  |   2.436396   .3243954     6.69   0.000     1.876784    3.162872
Diabetes, no hba1c measure  |   .4121332   .4129729    -0.88   0.376     .0578232     2.93747
                            |
                     1.copd |   1.324352   .1636858     2.27   0.023     1.039435    1.687366
        1.other_respiratory |   2.423814   .3245041     6.61   0.000     1.864399     3.15108
            1.immunodef_any |   2.439452   .7148434     3.04   0.002     1.373602    4.332351
                   1.cancer |   2.004196   .1672325     8.33   0.000     1.701825    2.360291
               1.rheumatoid |   1.222637   .2361225     1.04   0.298     .8373538    1.785198
           1.osteoarthritis |   .8473515    .063803    -2.20   0.028     .7310899    .9821017
                   1.statin |   .6875731   .0579553    -4.44   0.000     .5828696    .8110849
                      1.ppi |   1.353186   .1024023     4.00   0.000     1.166656    1.569539
     1.steroid_prednisolone |   1.539746   .1958085     3.39   0.001     1.200059    1.975586
       1.hydroxychloroquine |    1.38397   .4096502     1.10   0.272     .7747725    2.472176
      1.dmards_primary_care |   1.549458   .3330541     2.04   0.042     1.016752    2.361264
              1.flu_vaccine |   1.005207   .0867495     0.06   0.952     .8487834    1.190459
     1.pneumococcal_vaccine |   1.082917   .1154829     0.75   0.455     .8786633    1.334651
---------------------------------------------------------------------------------------------
                                                             Stratified by stp

.                                                                                 
. estimates save ./$tempdir/multivar2, replace 
(note: file ./nsaid_tempdata_sens7/multivar2.ster not found)
file ./nsaid_tempdata_sens7/multivar2.ster saved

. 
. * Age, Gender and Comorbidities (note: changed diabetes category: grouped no HbA1c to uncontrolled DM after first run because diab causing the model not to converge)
. stcox i.exposure i.male age1 age2 age3  $varlist, strata(stp)                           

         failure _d:  onscoviddeath
   analysis time _t:  (stime_onscoviddeath-origin)
             origin:  time enter_date
  enter on or after:  time enter_date
                 id:  patient_id

Iteration 0:   log likelihood = -9541.0673
Iteration 1:   log likelihood =  -8613.519
Iteration 2:   log likelihood = -8363.6505
Iteration 3:   log likelihood = -8345.8197
Iteration 4:   log likelihood =  -8342.856
Iteration 5:   log likelihood = -8342.5153
Iteration 6:   log likelihood = -8342.5086
Iteration 7:   log likelihood = -8342.5086
Refining estimates:
Iteration 0:   log likelihood = -8342.5086

Stratified Cox regr. -- Breslow method for ties

No. of subjects =    2,463,707                  Number of obs    =   2,463,707
No. of failures =          832
Time at risk    =    252942782
                                                LR chi2(33)      =     2397.12
Log likelihood  =   -8342.5086                  Prob > chi2      =      0.0000

----------------------------------------------------------------------------------------
                    _t | Haz. Ratio   Std. Err.      z    P>|z|     [95% Conf. Interval]
-----------------------+----------------------------------------------------------------
              exposure |
    current NSAID use  |   1.200517   .1264882     1.73   0.083     .9765279    1.475884
                1.male |   2.197781   .1598551    10.83   0.000     1.905779    2.534524
                  age1 |   1.137521   .0464723     3.15   0.002     1.049988    1.232351
                  age2 |   .8962042   .0716779    -1.37   0.171     .7661757      1.0483
                  age3 |   1.470827   .3415959     1.66   0.097     .9329794    2.318734
                       |
             obese4cat |
    Obese I (30-34.9)  |   1.087122   .0993341     0.91   0.361      .908868    1.300335
   Obese II (35-39.9)  |   1.528251   .1895692     3.42   0.001     1.198419    1.948859
      Obese III (40+)  |   1.692525   .2939201     3.03   0.002     1.204252    2.378772
                       |
          smoke_nomiss |
               Former  |   1.051727   .0806312     0.66   0.511     .9049935    1.222253
              Current  |   .8131715   .1108615    -1.52   0.129     .6224951    1.062254
                       |
                   imd |
                    2  |   1.489723   .1670895     3.55   0.000     1.195731    1.855998
                    3  |   1.542738   .1787217     3.74   0.000     1.229371    1.935982
                    4  |   1.837306   .2164794     5.16   0.000     1.458442    2.314588
      5 most deprived  |   2.377751   .2891981     7.12   0.000      1.87343    3.017833
                       |
                   ckd |
                  CKD  |   1.409296   .1338935     3.61   0.000     1.169854    1.697746
        1.hypertension |   1.050935   .0809961     0.64   0.519     .9035936    1.222301
       1.heart_failure |   1.681756   .2793156     3.13   0.002     1.214481    2.328817
 1.other_heart_disease |   1.157281   .1904706     0.89   0.375     .8381937    1.597841
                       |
          diab_control |
  Controlled diabetes  |    1.44012   .1387717     3.78   0.000     1.192274    1.739488
Uncontrolled diabetes  |   2.267284   .2984413     6.22   0.000     1.751712    2.934601
                       |
                1.copd |   1.321213   .1633495     2.25   0.024     1.036892    1.683495
   1.other_respiratory |   2.425442   .3247372     6.62   0.000     1.865629    3.153236
       1.immunodef_any |   2.434583   .7133473     3.04   0.002     1.370937    4.323462
              1.cancer |   2.003373   .1671711     8.33   0.000     1.701114    2.359338
          1.rheumatoid |   1.224264   .2365775     1.05   0.295     .8382787    1.787976
      1.osteoarthritis |   .8472439   .0637929    -2.20   0.028     .7310003    .9819727
              1.statin |   .6934693   .0583394    -4.35   0.000     .5880555    .8177794
                 1.ppi |   1.353613   .1024494     4.00   0.000     1.166999    1.570068
1.steroid_prednisolone |   1.539046    .195777     3.39   0.001     1.199425    1.974832
  1.hydroxychloroquine |    1.37821   .4079723     1.08   0.279     .7715177    2.461981
 1.dmards_primary_care |     1.5475   .3328006     2.03   0.042     1.015252     2.35878
         1.flu_vaccine |   1.009443   .0871423     0.11   0.913     .8523152    1.195539
1.pneumococcal_vaccine |   1.082431   .1154474     0.74   0.458     .8782431    1.334092
----------------------------------------------------------------------------------------
                                                             Stratified by stp

.                                                                                 
. estimates save ./$tempdir/multivar3, replace
(note: file ./nsaid_tempdata_sens7/multivar3.ster not found)
file ./nsaid_tempdata_sens7/multivar3.ster saved

. 
. /* Print table================================================================*/ 
. *  Print the results for the main model 
. 
. cap file close tablecontent

. file open tablecontent using ./$outdir/table2.txt, write text replace
(note: file ./nsaid_output_sens7/table2.txt not found)

. 
. * Column headings 
. file write tablecontent ("Table 2: Association between current NSAID use and $tableoutcome - $population Population") _n

. file write tablecontent _tab ("Number of events") _tab ("Total person-weeks") _tab ("Rate per 1,000") _tab ("Univariable") _tab _tab ("Age/Sex Adjusted") _tab _tab ///
>                                                 ("Age/Sex and Comorbidity Adjusted") _tab _tab ///
>                                                 ("Age/Sex and Comorbidity (diabetes regroup)") _tab _tab _n

. file write tablecontent _tab _tab _tab _tab ("HR") _tab ("95% CI") _tab ("HR") _tab ///
>                                                 ("95% CI") _tab ("HR") _tab ("95% CI") _tab ("HR") _tab ("95% CI") _n

. file write tablecontent ("Main Analysis") _n                                    

. 
. * Row headings 
. local lab0: label exposure 0

. local lab1: label exposure 1

.  
. /* Counts */
.  
. * First row, exposure = 0 (reference)
. 
.         safecount if exposure == 0 & $outcome == 1
  714

.         local event = r(N)

.     bysort exposure: egen total_follow_up = total(_t)

.         su total_follow_up if exposure == 0

    Variable |        Obs        Mean    Std. Dev.       Min        Max
-------------+---------------------------------------------------------
total_foll~p |  2,245,691    2.30e+08           0   2.30e+08   2.30e+08

.         local person_week = r(mean)/7

.         local rate = 1000*(`event'/`person_week')

.         
.         file write tablecontent ("`lab0'") _tab

.         file write tablecontent (`event') _tab %10.0f (`person_week') _tab %3.2f (`rate') _tab

.         file write tablecontent ("1.00 (ref)") _tab _tab ("1.00 (ref)") _tab _tab ("1.00 (ref)") _n

.         
. * Second row, exposure = 1 (NSAID)
. 
. file write tablecontent ("`lab1'") _tab  

. 
.         safecount if exposure == 1 & $outcome == 1
  118

.         local event = r(N)

.         su total_follow_up if exposure == 1

    Variable |        Obs        Mean    Std. Dev.       Min        Max
-------------+---------------------------------------------------------
total_foll~p |    218,016    2.29e+07           0   2.29e+07   2.29e+07

.         local person_week = r(mean)/7

.         local rate = 1000*(`event'/`person_week')

.         file write tablecontent (`event') _tab %10.0f (`person_week') _tab %3.2f (`rate') _tab

. 
. /* Main Model */ 
. estimates use ./$tempdir/univar 

. lincom 1.exposure, eform

 ( 1)  1.exposure = 0

------------------------------------------------------------------------------
          _t |     exp(b)   Std. Err.      z    P>|z|     [95% Conf. Interval]
-------------+----------------------------------------------------------------
         (1) |   1.664349    .165393     5.13   0.000       1.3698    2.022236
------------------------------------------------------------------------------

. file write tablecontent %4.2f (r(estimate)) _tab %4.2f (r(lb)) (" - ") %4.2f (r(ub)) _tab 

. 
. estimates use ./$tempdir/multivar1 

. lincom 1.exposure, eform

 ( 1)  1.exposure = 0

------------------------------------------------------------------------------
          _t |     exp(b)   Std. Err.      z    P>|z|     [95% Conf. Interval]
-------------+----------------------------------------------------------------
         (1) |   1.326713   .1320781     2.84   0.005     1.091534    1.612563
------------------------------------------------------------------------------

. file write tablecontent %4.2f (r(estimate)) _tab %4.2f (r(lb)) (" - ") %4.2f (r(ub)) _tab 

. 
. estimates use ./$tempdir/multivar2  

. lincom 1.exposure, eform

 ( 1)  1.exposure = 0

------------------------------------------------------------------------------
          _t |     exp(b)   Std. Err.      z    P>|z|     [95% Conf. Interval]
-------------+----------------------------------------------------------------
         (1) |   1.201709   .1266164     1.74   0.081     .9774929    1.477355
------------------------------------------------------------------------------

. file write tablecontent %4.2f (r(estimate)) _tab %4.2f (r(lb)) (" - ") %4.2f (r(ub)) _tab 

. 
. estimates use ./$tempdir/multivar3

. lincom 1.exposure, eform

 ( 1)  1.exposure = 0

------------------------------------------------------------------------------
          _t |     exp(b)   Std. Err.      z    P>|z|     [95% Conf. Interval]
-------------+----------------------------------------------------------------
         (1) |   1.200517   .1264882     1.73   0.083     .9765279    1.475884
------------------------------------------------------------------------------

. file write tablecontent %4.2f (r(estimate)) _tab %4.2f (r(lb)) (" - ") %4.2f (r(ub)) _n 

. 
. file write tablecontent _n

. file close tablecontent

. 
. 
. * Close log file 
. log close
      name:  <unnamed>
       log:  E:\analyses\nsaids-covid-research\analysis\nsaid_log_sens7\06a_an_models_nsaid.log
  log type:  text
 closed on:   7 Oct 2020, 23:09:26
------------------------------------------------------------------------------------------------------------------------------------------------------------------------------------------------------------------------
